******************************************************************************
                  TI ARM Linker PC v5.2.5                      
******************************************************************************
>> Linked Thu Feb 11 01:26:41 2016

OUTPUT FILE NAME:   <DolanClock.out>
ENTRY POINT SYMBOL: "_c_int00"  address: 00000a41


MEMORY CONFIGURATION

         name            origin    length      used     unused   attr    fill
----------------------  --------  ---------  --------  --------  ----  --------
  MAIN                  00000000   00040000  00000bac  0003f454  R  X
  INFO                  00200000   00004000  00000000  00004000  R  X
  SRAM_CODE             01000000   00010000  00000000  00010000  RW X
  SRAM_DATA             20000000   00010000  00000254  0000fdac  RW  


SEGMENT ALLOCATION MAP

run origin  load origin   length   init length attrs members
----------  ----------- ---------- ----------- ----- -------
00000000    00000000    00000bac   00000bac    r-x
  00000000    00000000    00000140   00000140    r-- .intvecs
  00000140    00000140    00000a30   00000a30    r-x .text
  00000b70    00000b70    0000003c   0000003c    r-- .cinit
20000000    20000000    00000054   00000000    rw-
  20000000    20000000    00000054   00000000    rw- .data
2000fe00    2000fe00    00000200   00000000    rw-
  2000fe00    2000fe00    00000200   00000000    rw- .stack


SECTION ALLOCATION MAP

 output                                  attributes/
section   page    origin      length       input sections
--------  ----  ----------  ----------   ----------------
.intvecs   0    00000000    00000140     
                  00000000    00000140     msp432_startup_ccs.obj (.intvecs:retain)

.text      0    00000140    00000a30     
                  00000140    00000710     main.obj (.text)
                  00000850    0000009c     rtsv7M4_T_le_v4SPD16_eabi.lib : memcpy_t2.obj (.text)
                  000008ec    0000007a                                   : memset_t2.obj (.text)
                  00000966    00000002     --HOLE-- [fill = 0]
                  00000968    0000006c                                   : autoinit.obj (.text)
                  000009d4    0000006a                                   : copy_decompress_rle.obj (.text)
                  00000a3e    00000002     --HOLE-- [fill = 0]
                  00000a40    00000050                                   : boot.obj (.text)
                  00000a90    0000004c                                   : cpy_tbl.obj (.text)
                  00000adc    00000044                                   : exit.obj (.text)
                  00000b20    00000018                                   : args_main.obj (.text)
                  00000b38    00000014                                   : _lock.obj (.text)
                  00000b4c    0000000e                                   : copy_decompress_none.obj (.text:decompress:none)
                  00000b5a    0000000c     msp432_startup_ccs.obj (.text)
                  00000b66    00000006     rtsv7M4_T_le_v4SPD16_eabi.lib : copy_decompress_rle.obj (.text:decompress:rle24)
                  00000b6c    00000004                                   : pre_init.obj (.text)

.cinit     0    00000b70    0000003c     
                  00000b70    0000002a     (.cinit..data.load) [load image, compression = rle]
                  00000b9a    00000002     --HOLE-- [fill = 0]
                  00000b9c    00000008     (__TI_handler_table)
                  00000ba4    00000008     (__TI_cinit_table)

.init_array 
*          0    00000000    00000000     UNINITIALIZED

.data      0    20000000    00000054     UNINITIALIZED
                  20000000    0000003e     main.obj (.data)
                  2000003e    00000002     --HOLE--
                  20000040    00000008     rtsv7M4_T_le_v4SPD16_eabi.lib : _lock.obj (.data)
                  20000048    00000008                                   : exit.obj (.data)
                  20000050    00000004                                   : stkdepth_vars.obj (.data)

.TI.persistent 
*          0    20000000    00000000     UNINITIALIZED

.stack     0    2000fe00    00000200     UNINITIALIZED
                  2000fe00    00000200     --HOLE--


LINKER GENERATED COPY TABLES

__TI_cinit_table @ 00000ba4 records: 1, size/record: 8, table size: 8
	.data: load addr=00000b70, load size=0000002a bytes, run addr=20000000, run size=00000054 bytes, compression=rle


LINKER GENERATED HANDLER TABLE

__TI_handler_table @ 00000b9c records: 2, size/record: 4, table size: 8
	index: 0, handler: __TI_decompress_rle24
	index: 1, handler: __TI_decompress_none


GLOBAL SYMBOLS: SORTED ALPHABETICALLY BY Name 

address   name                    
-------   ----                    
00000add  C$$EXIT                 
UNDEFED   SHT$$INIT_ARRAY$$Base   
UNDEFED   SHT$$INIT_ARRAY$$Limit  
4000480c  WDTCTL_SYM              
20010000  __STACK_END             
00000200  __STACK_SIZE            
00000ba4  __TI_CINIT_Base         
00000bac  __TI_CINIT_Limit        
00000b9c  __TI_Handler_Table_Base 
00000ba4  __TI_Handler_Table_Limit
00000969  __TI_auto_init          
20000048  __TI_cleanup_ptr        
00000b4d  __TI_decompress_none    
00000b67  __TI_decompress_rle24   
2000004c  __TI_dtors_ptr          
00000000  __TI_static_base__      
000008ed  __aeabi_memclr          
000008ed  __aeabi_memclr4         
000008ed  __aeabi_memclr8         
00000851  __aeabi_memcpy          
00000851  __aeabi_memcpy4         
00000851  __aeabi_memcpy8         
000008ef  __aeabi_memset          
000008ef  __aeabi_memset4         
000008ef  __aeabi_memset8         
ffffffff  __binit__               
ffffffff  __c_args__              
2000fe00  __stack                 
00000b21  _args_main              
00000a41  _c_int00                
20000040  _lock                   
00000b47  _nop                    
00000b3f  _register_lock          
00000b39  _register_unlock        
00000b6d  _system_pre_init        
20000044  _unlock                 
00000ae1  abort                   
ffffffff  binit                   
20000026  blueArray               
20000016  blueIntensity           
00000679  chooseBrightness        
20000000  color                   
000002ff  configureTimer          
00000a91  copy_in                 
20000008  counter                 
00000ae9  exit                    
2000001c  greenArray              
20000014  greenIntensity          
20000034  hour                    
20000012  hoursCounter            
00000269  initializeLED           
000002c3  initializePushButton    
00000000  interruptVectors        
000007d1  main                    
20000050  main_func_sp            
00000851  memcpy                  
000008f5  memset                  
2000000c  milliSecondsCounter     
20000010  minutesCounter          
20000004  mode                    
00000599  portOneInterrupt        
2000001a  radix                   
2000002e  redArray                
20000018  redIntensity            
00000165  selectPortFunction      
0000035b  setClockFrequency       
00000451  setLEDColor             
0000037d  shiftColor              
000006c9  timerA0Interrupt        
0000051b  updateHour              
000003cd  updateHourLights        
00000495  updateLights            
00000551  updateMinute            


GLOBAL SYMBOLS: SORTED BY Symbol Address 

address   name                    
-------   ----                    
00000000  __TI_static_base__      
00000000  interruptVectors        
00000165  selectPortFunction      
00000200  __STACK_SIZE            
00000269  initializeLED           
000002c3  initializePushButton    
000002ff  configureTimer          
0000035b  setClockFrequency       
0000037d  shiftColor              
000003cd  updateHourLights        
00000451  setLEDColor             
00000495  updateLights            
0000051b  updateHour              
00000551  updateMinute            
00000599  portOneInterrupt        
00000679  chooseBrightness        
000006c9  timerA0Interrupt        
000007d1  main                    
00000851  __aeabi_memcpy          
00000851  __aeabi_memcpy4         
00000851  __aeabi_memcpy8         
00000851  memcpy                  
000008ed  __aeabi_memclr          
000008ed  __aeabi_memclr4         
000008ed  __aeabi_memclr8         
000008ef  __aeabi_memset          
000008ef  __aeabi_memset4         
000008ef  __aeabi_memset8         
000008f5  memset                  
00000969  __TI_auto_init          
00000a41  _c_int00                
00000a91  copy_in                 
00000add  C$$EXIT                 
00000ae1  abort                   
00000ae9  exit                    
00000b21  _args_main              
00000b39  _register_unlock        
00000b3f  _register_lock          
00000b47  _nop                    
00000b4d  __TI_decompress_none    
00000b67  __TI_decompress_rle24   
00000b6d  _system_pre_init        
00000b9c  __TI_Handler_Table_Base 
00000ba4  __TI_CINIT_Base         
00000ba4  __TI_Handler_Table_Limit
00000bac  __TI_CINIT_Limit        
20000000  color                   
20000004  mode                    
20000008  counter                 
2000000c  milliSecondsCounter     
20000010  minutesCounter          
20000012  hoursCounter            
20000014  greenIntensity          
20000016  blueIntensity           
20000018  redIntensity            
2000001a  radix                   
2000001c  greenArray              
20000026  blueArray               
2000002e  redArray                
20000034  hour                    
20000040  _lock                   
20000044  _unlock                 
20000048  __TI_cleanup_ptr        
2000004c  __TI_dtors_ptr          
20000050  main_func_sp            
2000fe00  __stack                 
20010000  __STACK_END             
4000480c  WDTCTL_SYM              
ffffffff  __binit__               
ffffffff  __c_args__              
ffffffff  binit                   
UNDEFED   SHT$$INIT_ARRAY$$Base   
UNDEFED   SHT$$INIT_ARRAY$$Limit  

[73 symbols]
