<?xml version="1.0"?>
<link_info>
   <banner>TI ARM Linker PC v5.2.5</banner>
   <copyright>Copyright (c) 1996-2015 Texas Instruments Incorporated</copyright>
   <link_time>0x56bb8fd3</link_time>
   <link_errors>0x0</link_errors>
   <output_file>DolanClock.out</output_file>
   <entry_point>
      <name>_c_int00</name>
      <address>0x9b9</address>
   </entry_point>
   <input_file_list>
      <input_file id="fl-2">
         <path>.\</path>
         <kind>object</kind>
         <file>main.obj</file>
         <name>main.obj</name>
      </input_file>
      <input_file id="fl-3">
         <path>.\</path>
         <kind>object</kind>
         <file>msp432_startup_ccs.obj</file>
         <name>msp432_startup_ccs.obj</name>
      </input_file>
      <input_file id="fl-129">
         <path>C:\ti\ccsv6\tools\compiler\ti-cgt-arm_5.2.5\lib\</path>
         <kind>archive</kind>
         <file>rtsv7M4_T_le_v4SPD16_eabi.lib</file>
         <name>boot.obj</name>
      </input_file>
      <input_file id="fl-12a">
         <path>C:\ti\ccsv6\tools\compiler\ti-cgt-arm_5.2.5\lib\</path>
         <kind>archive</kind>
         <file>rtsv7M4_T_le_v4SPD16_eabi.lib</file>
         <name>copy_decompress_none.obj</name>
      </input_file>
      <input_file id="fl-12b">
         <path>C:\ti\ccsv6\tools\compiler\ti-cgt-arm_5.2.5\lib\</path>
         <kind>archive</kind>
         <file>rtsv7M4_T_le_v4SPD16_eabi.lib</file>
         <name>copy_decompress_rle.obj</name>
      </input_file>
      <input_file id="fl-12c">
         <path>C:\ti\ccsv6\tools\compiler\ti-cgt-arm_5.2.5\lib\</path>
         <kind>archive</kind>
         <file>rtsv7M4_T_le_v4SPD16_eabi.lib</file>
         <name>copy_zero_init.obj</name>
      </input_file>
      <input_file id="fl-12d">
         <path>C:\ti\ccsv6\tools\compiler\ti-cgt-arm_5.2.5\lib\</path>
         <kind>archive</kind>
         <file>rtsv7M4_T_le_v4SPD16_eabi.lib</file>
         <name>exit.obj</name>
      </input_file>
      <input_file id="fl-12e">
         <path>C:\ti\ccsv6\tools\compiler\ti-cgt-arm_5.2.5\lib\</path>
         <kind>archive</kind>
         <file>rtsv7M4_T_le_v4SPD16_eabi.lib</file>
         <name>memcpy_t2.obj</name>
      </input_file>
      <input_file id="fl-12f">
         <path>C:\ti\ccsv6\tools\compiler\ti-cgt-arm_5.2.5\lib\</path>
         <kind>archive</kind>
         <file>rtsv7M4_T_le_v4SPD16_eabi.lib</file>
         <name>memset_t2.obj</name>
      </input_file>
      <input_file id="fl-130">
         <path>C:\ti\ccsv6\tools\compiler\ti-cgt-arm_5.2.5\lib\</path>
         <kind>archive</kind>
         <file>rtsv7M4_T_le_v4SPD16_eabi.lib</file>
         <name>pre_init.obj</name>
      </input_file>
      <input_file id="fl-131">
         <path>C:\ti\ccsv6\tools\compiler\ti-cgt-arm_5.2.5\lib\</path>
         <kind>archive</kind>
         <file>rtsv7M4_T_le_v4SPD16_eabi.lib</file>
         <name>stkdepth_vars.obj</name>
      </input_file>
      <input_file id="fl-132">
         <path>C:\ti\ccsv6\tools\compiler\ti-cgt-arm_5.2.5\lib\</path>
         <kind>archive</kind>
         <file>rtsv7M4_T_le_v4SPD16_eabi.lib</file>
         <name>_lock.obj</name>
      </input_file>
      <input_file id="fl-133">
         <path>C:\ti\ccsv6\tools\compiler\ti-cgt-arm_5.2.5\lib\</path>
         <kind>archive</kind>
         <file>rtsv7M4_T_le_v4SPD16_eabi.lib</file>
         <name>args_main.obj</name>
      </input_file>
      <input_file id="fl-134">
         <path>C:\ti\ccsv6\tools\compiler\ti-cgt-arm_5.2.5\lib\</path>
         <kind>archive</kind>
         <file>rtsv7M4_T_le_v4SPD16_eabi.lib</file>
         <name>autoinit.obj</name>
      </input_file>
      <input_file id="fl-135">
         <path>C:\ti\ccsv6\tools\compiler\ti-cgt-arm_5.2.5\lib\</path>
         <kind>archive</kind>
         <file>rtsv7M4_T_le_v4SPD16_eabi.lib</file>
         <name>cpy_tbl.obj</name>
      </input_file>
   </input_file_list>
   <object_component_list>
      <object_component id="oc-27">
         <name>.intvecs:retain</name>
         <load_address>0x0</load_address>
         <run_address>0x0</run_address>
         <size>0x140</size>
         <input_file_ref idref="fl-3"/>
      </object_component>
      <object_component id="oc-72">
         <name>.text</name>
         <load_address>0x140</load_address>
         <run_address>0x140</run_address>
         <size>0x688</size>
         <input_file_ref idref="fl-2"/>
      </object_component>
      <object_component id="oc-2b">
         <name>.text</name>
         <load_address>0x7c8</load_address>
         <run_address>0x7c8</run_address>
         <size>0x9c</size>
         <input_file_ref idref="fl-12e"/>
      </object_component>
      <object_component id="oc-44">
         <name>.text</name>
         <load_address>0x864</load_address>
         <run_address>0x864</run_address>
         <size>0x7a</size>
         <input_file_ref idref="fl-12f"/>
      </object_component>
      <object_component id="oc-56">
         <name>.text</name>
         <load_address>0x8e0</load_address>
         <run_address>0x8e0</run_address>
         <size>0x6c</size>
         <input_file_ref idref="fl-134"/>
      </object_component>
      <object_component id="oc-37">
         <name>.text</name>
         <load_address>0x94c</load_address>
         <run_address>0x94c</run_address>
         <size>0x6a</size>
         <input_file_ref idref="fl-12b"/>
      </object_component>
      <object_component id="oc-22">
         <name>.text</name>
         <load_address>0x9b8</load_address>
         <run_address>0x9b8</run_address>
         <size>0x50</size>
         <input_file_ref idref="fl-129"/>
      </object_component>
      <object_component id="oc-94">
         <name>.text</name>
         <load_address>0xa08</load_address>
         <run_address>0xa08</run_address>
         <size>0x4c</size>
         <input_file_ref idref="fl-135"/>
      </object_component>
      <object_component id="oc-62">
         <name>.text</name>
         <load_address>0xa54</load_address>
         <run_address>0xa54</run_address>
         <size>0x44</size>
         <input_file_ref idref="fl-12d"/>
      </object_component>
      <object_component id="oc-5c">
         <name>.text</name>
         <load_address>0xa98</load_address>
         <run_address>0xa98</run_address>
         <size>0x18</size>
         <input_file_ref idref="fl-133"/>
      </object_component>
      <object_component id="oc-ca">
         <name>.text</name>
         <load_address>0xab0</load_address>
         <run_address>0xab0</run_address>
         <size>0x14</size>
         <input_file_ref idref="fl-132"/>
      </object_component>
      <object_component id="oc-10">
         <name>.text:decompress:none</name>
         <load_address>0xac4</load_address>
         <run_address>0xac4</run_address>
         <size>0xe</size>
         <input_file_ref idref="fl-12a"/>
      </object_component>
      <object_component id="oc-6c">
         <name>.text</name>
         <load_address>0xad2</load_address>
         <run_address>0xad2</run_address>
         <size>0xc</size>
         <input_file_ref idref="fl-3"/>
      </object_component>
      <object_component id="oc-16">
         <name>.text:decompress:rle24</name>
         <load_address>0xade</load_address>
         <run_address>0xade</run_address>
         <size>0x6</size>
         <input_file_ref idref="fl-12b"/>
      </object_component>
      <object_component id="oc-50">
         <name>.text</name>
         <load_address>0xae4</load_address>
         <run_address>0xae4</run_address>
         <size>0x4</size>
         <input_file_ref idref="fl-130"/>
      </object_component>
      <object_component id="oc-115">
         <name>.cinit..data.load</name>
         <load_address>0xae8</load_address>
         <run_address>0xae8</run_address>
         <size>0x3c</size>
      </object_component>
      <object_component id="oc-113">
         <name>__TI_handler_table</name>
         <load_address>0xb24</load_address>
         <run_address>0xb24</run_address>
         <size>0x8</size>
      </object_component>
      <object_component id="oc-114">
         <name>__TI_cinit_table</name>
         <load_address>0xb2c</load_address>
         <run_address>0xb2c</run_address>
         <size>0x8</size>
      </object_component>
      <object_component id="oc-2a">
         <name>.stack</name>
         <uninitialized>true</uninitialized>
         <run_address>0x2000fe00</run_address>
         <size>0x0</size>
         <input_file_ref idref="fl-129"/>
      </object_component>
      <object_component id="oc-116">
         <name>.stack</name>
         <uninitialized>true</uninitialized>
         <run_address>0x2000fe00</run_address>
         <size>0x0</size>
      </object_component>
      <object_component id="oc-aa">
         <name>.data</name>
         <load_address>0x20000000</load_address>
         <run_address>0x20000000</run_address>
         <size>0x52</size>
         <input_file_ref idref="fl-2"/>
      </object_component>
      <object_component id="oc-a1">
         <name>.data</name>
         <load_address>0x2000005c</load_address>
         <run_address>0x2000005c</run_address>
         <size>0x8</size>
         <input_file_ref idref="fl-12d"/>
      </object_component>
      <object_component id="oc-68">
         <name>.data</name>
         <load_address>0x20000064</load_address>
         <run_address>0x20000064</run_address>
         <size>0x4</size>
         <input_file_ref idref="fl-131"/>
      </object_component>
      <object_component id="oc-9e">
         <name>.data</name>
         <load_address>0x20000054</load_address>
         <run_address>0x20000054</run_address>
         <size>0x8</size>
         <input_file_ref idref="fl-132"/>
      </object_component>
      <object_component id="oc-da">
         <name>.debug_info</name>
         <load_address>0x0</load_address>
         <run_address>0x0</run_address>
         <size>0x32b</size>
         <input_file_ref idref="fl-2"/>
      </object_component>
      <object_component id="oc-ab">
         <name>.debug_info</name>
         <load_address>0x32b</load_address>
         <run_address>0x32b</run_address>
         <size>0x31e</size>
         <input_file_ref idref="fl-2"/>
      </object_component>
      <object_component id="oc-73">
         <name>.debug_info</name>
         <load_address>0x649</load_address>
         <run_address>0x649</run_address>
         <size>0x76c</size>
         <input_file_ref idref="fl-2"/>
      </object_component>
      <object_component id="oc-e7">
         <name>.debug_info</name>
         <load_address>0xdb5</load_address>
         <run_address>0xdb5</run_address>
         <size>0x103e</size>
         <input_file_ref idref="fl-2"/>
      </object_component>
      <object_component id="oc-ae">
         <name>.debug_info</name>
         <load_address>0x1df3</load_address>
         <run_address>0x1df3</run_address>
         <size>0x1bf70</size>
         <input_file_ref idref="fl-2"/>
      </object_component>
      <object_component id="oc-83">
         <name>.debug_info</name>
         <load_address>0x1dd63</load_address>
         <run_address>0x1dd63</run_address>
         <size>0x84</size>
         <input_file_ref idref="fl-2"/>
      </object_component>
      <object_component id="oc-ec">
         <name>.debug_info</name>
         <load_address>0x1dde7</load_address>
         <run_address>0x1dde7</run_address>
         <size>0x18b</size>
         <input_file_ref idref="fl-2"/>
      </object_component>
      <object_component id="oc-7a">
         <name>.debug_info</name>
         <load_address>0x1df72</load_address>
         <run_address>0x1df72</run_address>
         <size>0x148</size>
         <input_file_ref idref="fl-3"/>
      </object_component>
      <object_component id="oc-28">
         <name>.debug_info</name>
         <load_address>0x1e0ba</load_address>
         <run_address>0x1e0ba</run_address>
         <size>0xe5</size>
         <input_file_ref idref="fl-3"/>
      </object_component>
      <object_component id="oc-6d">
         <name>.debug_info</name>
         <load_address>0x1e19f</load_address>
         <run_address>0x1e19f</run_address>
         <size>0x213</size>
         <input_file_ref idref="fl-3"/>
      </object_component>
      <object_component id="oc-23">
         <name>.debug_info</name>
         <load_address>0x1e3b2</load_address>
         <run_address>0x1e3b2</run_address>
         <size>0x134</size>
         <input_file_ref idref="fl-129"/>
      </object_component>
      <object_component id="oc-36">
         <name>.debug_info</name>
         <load_address>0x1e4e6</load_address>
         <run_address>0x1e4e6</run_address>
         <size>0x121</size>
         <input_file_ref idref="fl-12a"/>
      </object_component>
      <object_component id="oc-14">
         <name>.debug_info</name>
         <load_address>0x1e607</load_address>
         <run_address>0x1e607</run_address>
         <size>0x1c0</size>
         <input_file_ref idref="fl-12a"/>
      </object_component>
      <object_component id="oc-31">
         <name>.debug_info</name>
         <load_address>0x1e7c7</load_address>
         <run_address>0x1e7c7</run_address>
         <size>0x46</size>
         <input_file_ref idref="fl-12a"/>
      </object_component>
      <object_component id="oc-7c">
         <name>.debug_info</name>
         <load_address>0x1e80d</load_address>
         <run_address>0x1e80d</run_address>
         <size>0x2c</size>
         <input_file_ref idref="fl-12a"/>
      </object_component>
      <object_component id="oc-3e">
         <name>.debug_info</name>
         <load_address>0x1e839</load_address>
         <run_address>0x1e839</run_address>
         <size>0x115</size>
         <input_file_ref idref="fl-12b"/>
      </object_component>
      <object_component id="oc-3b">
         <name>.debug_info</name>
         <load_address>0x1e94e</load_address>
         <run_address>0x1e94e</run_address>
         <size>0x228</size>
         <input_file_ref idref="fl-12b"/>
      </object_component>
      <object_component id="oc-1a">
         <name>.debug_info</name>
         <load_address>0x1eb76</load_address>
         <run_address>0x1eb76</run_address>
         <size>0x192</size>
         <input_file_ref idref="fl-12b"/>
      </object_component>
      <object_component id="oc-3f">
         <name>.debug_info</name>
         <load_address>0x1ed08</load_address>
         <run_address>0x1ed08</run_address>
         <size>0x39</size>
         <input_file_ref idref="fl-12b"/>
      </object_component>
      <object_component id="oc-8b">
         <name>.debug_info</name>
         <load_address>0x1ed41</load_address>
         <run_address>0x1ed41</run_address>
         <size>0x2c</size>
         <input_file_ref idref="fl-12b"/>
      </object_component>
      <object_component id="oc-a5">
         <name>.debug_info</name>
         <load_address>0x1ed6d</load_address>
         <run_address>0x1ed6d</run_address>
         <size>0x172</size>
         <input_file_ref idref="fl-12d"/>
      </object_component>
      <object_component id="oc-a2">
         <name>.debug_info</name>
         <load_address>0x1eedf</load_address>
         <run_address>0x1eedf</run_address>
         <size>0x117</size>
         <input_file_ref idref="fl-12d"/>
      </object_component>
      <object_component id="oc-63">
         <name>.debug_info</name>
         <load_address>0x1eff6</load_address>
         <run_address>0x1eff6</run_address>
         <size>0x1ee</size>
         <input_file_ref idref="fl-12d"/>
      </object_component>
      <object_component id="oc-2d">
         <name>.debug_info</name>
         <load_address>0x1f1e4</load_address>
         <run_address>0x1f1e4</run_address>
         <size>0xf6</size>
         <input_file_ref idref="fl-12e"/>
      </object_component>
      <object_component id="oc-45">
         <name>.debug_info</name>
         <load_address>0x1f2da</load_address>
         <run_address>0x1f2da</run_address>
         <size>0x124</size>
         <input_file_ref idref="fl-12f"/>
      </object_component>
      <object_component id="oc-53">
         <name>.debug_info</name>
         <load_address>0x1f3fe</load_address>
         <run_address>0x1f3fe</run_address>
         <size>0x129</size>
         <input_file_ref idref="fl-130"/>
      </object_component>
      <object_component id="oc-69">
         <name>.debug_info</name>
         <load_address>0x1f527</load_address>
         <run_address>0x1f527</run_address>
         <size>0xea</size>
         <input_file_ref idref="fl-131"/>
      </object_component>
      <object_component id="oc-d2">
         <name>.debug_info</name>
         <load_address>0x1f611</load_address>
         <run_address>0x1f611</run_address>
         <size>0x105</size>
         <input_file_ref idref="fl-132"/>
      </object_component>
      <object_component id="oc-9f">
         <name>.debug_info</name>
         <load_address>0x1f716</load_address>
         <run_address>0x1f716</run_address>
         <size>0xf4</size>
         <input_file_ref idref="fl-132"/>
      </object_component>
      <object_component id="oc-cd">
         <name>.debug_info</name>
         <load_address>0x1f80a</load_address>
         <run_address>0x1f80a</run_address>
         <size>0x200</size>
         <input_file_ref idref="fl-132"/>
      </object_component>
      <object_component id="oc-9d">
         <name>.debug_info</name>
         <load_address>0x1fa0a</load_address>
         <run_address>0x1fa0a</run_address>
         <size>0x147</size>
         <input_file_ref idref="fl-133"/>
      </object_component>
      <object_component id="oc-5e">
         <name>.debug_info</name>
         <load_address>0x1fb51</load_address>
         <run_address>0x1fb51</run_address>
         <size>0x148</size>
         <input_file_ref idref="fl-133"/>
      </object_component>
      <object_component id="oc-c5">
         <name>.debug_info</name>
         <load_address>0x1fc99</load_address>
         <run_address>0x1fc99</run_address>
         <size>0x5e</size>
         <input_file_ref idref="fl-133"/>
      </object_component>
      <object_component id="oc-9b">
         <name>.debug_info</name>
         <load_address>0x1fcf7</load_address>
         <run_address>0x1fcf7</run_address>
         <size>0x29e</size>
         <input_file_ref idref="fl-134"/>
      </object_component>
      <object_component id="oc-57">
         <name>.debug_info</name>
         <load_address>0x1ff95</load_address>
         <run_address>0x1ff95</run_address>
         <size>0x158</size>
         <input_file_ref idref="fl-134"/>
      </object_component>
      <object_component id="oc-b9">
         <name>.debug_info</name>
         <load_address>0x200ed</load_address>
         <run_address>0x200ed</run_address>
         <size>0x39</size>
         <input_file_ref idref="fl-134"/>
      </object_component>
      <object_component id="oc-be">
         <name>.debug_info</name>
         <load_address>0x20126</load_address>
         <run_address>0x20126</run_address>
         <size>0xcd</size>
         <input_file_ref idref="fl-134"/>
      </object_component>
      <object_component id="oc-b6">
         <name>.debug_info</name>
         <load_address>0x201f3</load_address>
         <run_address>0x201f3</run_address>
         <size>0x1c1</size>
         <input_file_ref idref="fl-135"/>
      </object_component>
      <object_component id="oc-96">
         <name>.debug_info</name>
         <load_address>0x203b4</load_address>
         <run_address>0x203b4</run_address>
         <size>0x164</size>
         <input_file_ref idref="fl-135"/>
      </object_component>
      <object_component id="oc-dd">
         <name>.debug_info</name>
         <load_address>0x20518</load_address>
         <run_address>0x20518</run_address>
         <size>0x2c</size>
         <input_file_ref idref="fl-135"/>
      </object_component>
      <object_component id="oc-117">
         <name>.debug_info</name>
         <load_address>0x20544</load_address>
         <run_address>0x20544</run_address>
         <size>0x9d</size>
      </object_component>
      <object_component id="oc-e6">
         <name>.debug_line</name>
         <load_address>0x0</load_address>
         <run_address>0x0</run_address>
         <size>0x20</size>
         <input_file_ref idref="fl-2"/>
      </object_component>
      <object_component id="oc-d9">
         <name>.debug_line</name>
         <load_address>0x20</load_address>
         <run_address>0x20</run_address>
         <size>0x2d</size>
         <input_file_ref idref="fl-2"/>
      </object_component>
      <object_component id="oc-76">
         <name>.debug_line</name>
         <load_address>0x4d</load_address>
         <run_address>0x4d</run_address>
         <size>0x2ce</size>
         <input_file_ref idref="fl-2"/>
      </object_component>
      <object_component id="oc-ea">
         <name>.debug_line</name>
         <load_address>0x31b</load_address>
         <run_address>0x31b</run_address>
         <size>0x55</size>
         <input_file_ref idref="fl-2"/>
      </object_component>
      <object_component id="oc-b1">
         <name>.debug_line</name>
         <load_address>0x370</load_address>
         <run_address>0x370</run_address>
         <size>0x52</size>
         <input_file_ref idref="fl-2"/>
      </object_component>
      <object_component id="oc-86">
         <name>.debug_line</name>
         <load_address>0x3c2</load_address>
         <run_address>0x3c2</run_address>
         <size>0x20</size>
         <input_file_ref idref="fl-2"/>
      </object_component>
      <object_component id="oc-ef">
         <name>.debug_line</name>
         <load_address>0x3e2</load_address>
         <run_address>0x3e2</run_address>
         <size>0x60</size>
         <input_file_ref idref="fl-2"/>
      </object_component>
      <object_component id="oc-b4">
         <name>.debug_line</name>
         <load_address>0x442</load_address>
         <run_address>0x442</run_address>
         <size>0x3b</size>
         <input_file_ref idref="fl-3"/>
      </object_component>
      <object_component id="oc-79">
         <name>.debug_line</name>
         <load_address>0x47d</load_address>
         <run_address>0x47d</run_address>
         <size>0x3b</size>
         <input_file_ref idref="fl-3"/>
      </object_component>
      <object_component id="oc-70">
         <name>.debug_line</name>
         <load_address>0x4b8</load_address>
         <run_address>0x4b8</run_address>
         <size>0x9b</size>
         <input_file_ref idref="fl-3"/>
      </object_component>
      <object_component id="oc-26">
         <name>.debug_line</name>
         <load_address>0x553</load_address>
         <run_address>0x553</run_address>
         <size>0x52</size>
         <input_file_ref idref="fl-129"/>
      </object_component>
      <object_component id="oc-82">
         <name>.debug_line</name>
         <load_address>0x5a5</load_address>
         <run_address>0x5a5</run_address>
         <size>0x80</size>
         <input_file_ref idref="fl-12a"/>
      </object_component>
      <object_component id="oc-13">
         <name>.debug_line</name>
         <load_address>0x625</load_address>
         <run_address>0x625</run_address>
         <size>0x55</size>
         <input_file_ref idref="fl-12a"/>
      </object_component>
      <object_component id="oc-34">
         <name>.debug_line</name>
         <load_address>0x67a</load_address>
         <run_address>0x67a</run_address>
         <size>0x3a</size>
         <input_file_ref idref="fl-12a"/>
      </object_component>
      <object_component id="oc-7f">
         <name>.debug_line</name>
         <load_address>0x6b4</load_address>
         <run_address>0x6b4</run_address>
         <size>0x80</size>
         <input_file_ref idref="fl-12a"/>
      </object_component>
      <object_component id="oc-8a">
         <name>.debug_line</name>
         <load_address>0x734</load_address>
         <run_address>0x734</run_address>
         <size>0x80</size>
         <input_file_ref idref="fl-12b"/>
      </object_component>
      <object_component id="oc-3a">
         <name>.debug_line</name>
         <load_address>0x7b4</load_address>
         <run_address>0x7b4</run_address>
         <size>0x98</size>
         <input_file_ref idref="fl-12b"/>
      </object_component>
      <object_component id="oc-18">
         <name>.debug_line</name>
         <load_address>0x84c</load_address>
         <run_address>0x84c</run_address>
         <size>0x4b</size>
         <input_file_ref idref="fl-12b"/>
      </object_component>
      <object_component id="oc-42">
         <name>.debug_line</name>
         <load_address>0x897</load_address>
         <run_address>0x897</run_address>
         <size>0x39</size>
         <input_file_ref idref="fl-12b"/>
      </object_component>
      <object_component id="oc-8e">
         <name>.debug_line</name>
         <load_address>0x8d0</load_address>
         <run_address>0x8d0</run_address>
         <size>0x80</size>
         <input_file_ref idref="fl-12b"/>
      </object_component>
      <object_component id="oc-d7">
         <name>.debug_line</name>
         <load_address>0x950</load_address>
         <run_address>0x950</run_address>
         <size>0x7f</size>
         <input_file_ref idref="fl-12d"/>
      </object_component>
      <object_component id="oc-d5">
         <name>.debug_line</name>
         <load_address>0x9cf</load_address>
         <run_address>0x9cf</run_address>
         <size>0x2a</size>
         <input_file_ref idref="fl-12d"/>
      </object_component>
      <object_component id="oc-66">
         <name>.debug_line</name>
         <load_address>0x9f9</load_address>
         <run_address>0x9f9</run_address>
         <size>0x7a</size>
         <input_file_ref idref="fl-12d"/>
      </object_component>
      <object_component id="oc-2c">
         <name>.debug_line</name>
         <load_address>0xa73</load_address>
         <run_address>0xa73</run_address>
         <size>0x88</size>
         <input_file_ref idref="fl-12e"/>
      </object_component>
      <object_component id="oc-48">
         <name>.debug_line</name>
         <load_address>0xafb</load_address>
         <run_address>0xafb</run_address>
         <size>0x79</size>
         <input_file_ref idref="fl-12f"/>
      </object_component>
      <object_component id="oc-52">
         <name>.debug_line</name>
         <load_address>0xb74</load_address>
         <run_address>0xb74</run_address>
         <size>0x40</size>
         <input_file_ref idref="fl-130"/>
      </object_component>
      <object_component id="oc-a8">
         <name>.debug_line</name>
         <load_address>0xbb4</load_address>
         <run_address>0xbb4</run_address>
         <size>0x33</size>
         <input_file_ref idref="fl-131"/>
      </object_component>
      <object_component id="oc-e4">
         <name>.debug_line</name>
         <load_address>0xbe7</load_address>
         <run_address>0xbe7</run_address>
         <size>0x20</size>
         <input_file_ref idref="fl-132"/>
      </object_component>
      <object_component id="oc-d1">
         <name>.debug_line</name>
         <load_address>0xc07</load_address>
         <run_address>0xc07</run_address>
         <size>0x2b</size>
         <input_file_ref idref="fl-132"/>
      </object_component>
      <object_component id="oc-cc">
         <name>.debug_line</name>
         <load_address>0xc32</load_address>
         <run_address>0xc32</run_address>
         <size>0x68</size>
         <input_file_ref idref="fl-132"/>
      </object_component>
      <object_component id="oc-c4">
         <name>.debug_line</name>
         <load_address>0xc9a</load_address>
         <run_address>0xc9a</run_address>
         <size>0x2b</size>
         <input_file_ref idref="fl-133"/>
      </object_component>
      <object_component id="oc-60">
         <name>.debug_line</name>
         <load_address>0xcc5</load_address>
         <run_address>0xcc5</run_address>
         <size>0x50</size>
         <input_file_ref idref="fl-133"/>
      </object_component>
      <object_component id="oc-c8">
         <name>.debug_line</name>
         <load_address>0xd15</load_address>
         <run_address>0xd15</run_address>
         <size>0x2b</size>
         <input_file_ref idref="fl-133"/>
      </object_component>
      <object_component id="oc-b8">
         <name>.debug_line</name>
         <load_address>0xd40</load_address>
         <run_address>0xd40</run_address>
         <size>0x8f</size>
         <input_file_ref idref="fl-134"/>
      </object_component>
      <object_component id="oc-5a">
         <name>.debug_line</name>
         <load_address>0xdcf</load_address>
         <run_address>0xdcf</run_address>
         <size>0x79</size>
         <input_file_ref idref="fl-134"/>
      </object_component>
      <object_component id="oc-bc">
         <name>.debug_line</name>
         <load_address>0xe48</load_address>
         <run_address>0xe48</run_address>
         <size>0x2e</size>
         <input_file_ref idref="fl-134"/>
      </object_component>
      <object_component id="oc-c1">
         <name>.debug_line</name>
         <load_address>0xe76</load_address>
         <run_address>0xe76</run_address>
         <size>0x81</size>
         <input_file_ref idref="fl-134"/>
      </object_component>
      <object_component id="oc-dc">
         <name>.debug_line</name>
         <load_address>0xef7</load_address>
         <run_address>0xef7</run_address>
         <size>0x8e</size>
         <input_file_ref idref="fl-135"/>
      </object_component>
      <object_component id="oc-98">
         <name>.debug_line</name>
         <load_address>0xf85</load_address>
         <run_address>0xf85</run_address>
         <size>0x68</size>
         <input_file_ref idref="fl-135"/>
      </object_component>
      <object_component id="oc-e0">
         <name>.debug_line</name>
         <load_address>0xfed</load_address>
         <run_address>0xfed</run_address>
         <size>0x2e</size>
         <input_file_ref idref="fl-135"/>
      </object_component>
      <object_component id="oc-77">
         <name>.debug_frame</name>
         <load_address>0x0</load_address>
         <run_address>0x0</run_address>
         <size>0x192</size>
         <input_file_ref idref="fl-2"/>
      </object_component>
      <object_component id="oc-71">
         <name>.debug_frame</name>
         <load_address>0x192</load_address>
         <run_address>0x192</run_address>
         <size>0xb2</size>
         <input_file_ref idref="fl-3"/>
      </object_component>
      <object_component id="oc-12">
         <name>.debug_frame</name>
         <load_address>0x244</load_address>
         <run_address>0x244</run_address>
         <size>0x7f</size>
         <input_file_ref idref="fl-12a"/>
      </object_component>
      <object_component id="oc-39">
         <name>.debug_frame</name>
         <load_address>0x2c3</load_address>
         <run_address>0x2c3</run_address>
         <size>0x8e</size>
         <input_file_ref idref="fl-12b"/>
      </object_component>
      <object_component id="oc-19">
         <name>.debug_frame</name>
         <load_address>0x351</load_address>
         <run_address>0x351</run_address>
         <size>0x7f</size>
         <input_file_ref idref="fl-12b"/>
      </object_component>
      <object_component id="oc-67">
         <name>.debug_frame</name>
         <load_address>0x3d0</load_address>
         <run_address>0x3d0</run_address>
         <size>0xb3</size>
         <input_file_ref idref="fl-12d"/>
      </object_component>
      <object_component id="oc-51">
         <name>.debug_frame</name>
         <load_address>0x483</load_address>
         <run_address>0x483</run_address>
         <size>0x7f</size>
         <input_file_ref idref="fl-130"/>
      </object_component>
      <object_component id="oc-cb">
         <name>.debug_frame</name>
         <load_address>0x502</load_address>
         <run_address>0x502</run_address>
         <size>0xa1</size>
         <input_file_ref idref="fl-132"/>
      </object_component>
      <object_component id="oc-61">
         <name>.debug_frame</name>
         <load_address>0x5a3</load_address>
         <run_address>0x5a3</run_address>
         <size>0x7f</size>
         <input_file_ref idref="fl-133"/>
      </object_component>
      <object_component id="oc-5b">
         <name>.debug_frame</name>
         <load_address>0x622</load_address>
         <run_address>0x622</run_address>
         <size>0x8a</size>
         <input_file_ref idref="fl-134"/>
      </object_component>
      <object_component id="oc-99">
         <name>.debug_frame</name>
         <load_address>0x6ac</load_address>
         <run_address>0x6ac</run_address>
         <size>0x8e</size>
         <input_file_ref idref="fl-135"/>
      </object_component>
      <object_component id="oc-e5">
         <name>.debug_abbrev</name>
         <load_address>0x0</load_address>
         <run_address>0x0</run_address>
         <size>0x66</size>
         <input_file_ref idref="fl-2"/>
      </object_component>
      <object_component id="oc-d8">
         <name>.debug_abbrev</name>
         <load_address>0x66</load_address>
         <run_address>0x66</run_address>
         <size>0x29</size>
         <input_file_ref idref="fl-2"/>
      </object_component>
      <object_component id="oc-ad">
         <name>.debug_abbrev</name>
         <load_address>0x8f</load_address>
         <run_address>0x8f</run_address>
         <size>0xa5</size>
         <input_file_ref idref="fl-2"/>
      </object_component>
      <object_component id="oc-e9">
         <name>.debug_abbrev</name>
         <load_address>0x134</load_address>
         <run_address>0x134</run_address>
         <size>0x97</size>
         <input_file_ref idref="fl-2"/>
      </object_component>
      <object_component id="oc-b0">
         <name>.debug_abbrev</name>
         <load_address>0x1cb</load_address>
         <run_address>0x1cb</run_address>
         <size>0xd7</size>
         <input_file_ref idref="fl-2"/>
      </object_component>
      <object_component id="oc-85">
         <name>.debug_abbrev</name>
         <load_address>0x2a2</load_address>
         <run_address>0x2a2</run_address>
         <size>0x1f</size>
         <input_file_ref idref="fl-2"/>
      </object_component>
      <object_component id="oc-ee">
         <name>.debug_abbrev</name>
         <load_address>0x2c1</load_address>
         <run_address>0x2c1</run_address>
         <size>0x35</size>
         <input_file_ref idref="fl-2"/>
      </object_component>
      <object_component id="oc-b3">
         <name>.debug_abbrev</name>
         <load_address>0x2f6</load_address>
         <run_address>0x2f6</run_address>
         <size>0x71</size>
         <input_file_ref idref="fl-3"/>
      </object_component>
      <object_component id="oc-78">
         <name>.debug_abbrev</name>
         <load_address>0x367</load_address>
         <run_address>0x367</run_address>
         <size>0x29</size>
         <input_file_ref idref="fl-3"/>
      </object_component>
      <object_component id="oc-a9">
         <name>.debug_abbrev</name>
         <load_address>0x390</load_address>
         <run_address>0x390</run_address>
         <size>0x77</size>
         <input_file_ref idref="fl-3"/>
      </object_component>
      <object_component id="oc-6b">
         <name>.debug_abbrev</name>
         <load_address>0x407</load_address>
         <run_address>0x407</run_address>
         <size>0x3e</size>
         <input_file_ref idref="fl-129"/>
      </object_component>
      <object_component id="oc-81">
         <name>.debug_abbrev</name>
         <load_address>0x445</load_address>
         <run_address>0x445</run_address>
         <size>0x52</size>
         <input_file_ref idref="fl-12a"/>
      </object_component>
      <object_component id="oc-30">
         <name>.debug_abbrev</name>
         <load_address>0x497</load_address>
         <run_address>0x497</run_address>
         <size>0x74</size>
         <input_file_ref idref="fl-12a"/>
      </object_component>
      <object_component id="oc-33">
         <name>.debug_abbrev</name>
         <load_address>0x50b</load_address>
         <run_address>0x50b</run_address>
         <size>0x24</size>
         <input_file_ref idref="fl-12a"/>
      </object_component>
      <object_component id="oc-7e">
         <name>.debug_abbrev</name>
         <load_address>0x52f</load_address>
         <run_address>0x52f</run_address>
         <size>0x24</size>
         <input_file_ref idref="fl-12a"/>
      </object_component>
      <object_component id="oc-89">
         <name>.debug_abbrev</name>
         <load_address>0x553</load_address>
         <run_address>0x553</run_address>
         <size>0x52</size>
         <input_file_ref idref="fl-12b"/>
      </object_component>
      <object_component id="oc-88">
         <name>.debug_abbrev</name>
         <load_address>0x5a5</load_address>
         <run_address>0x5a5</run_address>
         <size>0x7b</size>
         <input_file_ref idref="fl-12b"/>
      </object_component>
      <object_component id="oc-3d">
         <name>.debug_abbrev</name>
         <load_address>0x620</load_address>
         <run_address>0x620</run_address>
         <size>0x66</size>
         <input_file_ref idref="fl-12b"/>
      </object_component>
      <object_component id="oc-41">
         <name>.debug_abbrev</name>
         <load_address>0x686</load_address>
         <run_address>0x686</run_address>
         <size>0x24</size>
         <input_file_ref idref="fl-12b"/>
      </object_component>
      <object_component id="oc-8d">
         <name>.debug_abbrev</name>
         <load_address>0x6aa</load_address>
         <run_address>0x6aa</run_address>
         <size>0x24</size>
         <input_file_ref idref="fl-12b"/>
      </object_component>
      <object_component id="oc-d6">
         <name>.debug_abbrev</name>
         <load_address>0x6ce</load_address>
         <run_address>0x6ce</run_address>
         <size>0x6b</size>
         <input_file_ref idref="fl-12d"/>
      </object_component>
      <object_component id="oc-d4">
         <name>.debug_abbrev</name>
         <load_address>0x739</load_address>
         <run_address>0x739</run_address>
         <size>0x29</size>
         <input_file_ref idref="fl-12d"/>
      </object_component>
      <object_component id="oc-a4">
         <name>.debug_abbrev</name>
         <load_address>0x762</load_address>
         <run_address>0x762</run_address>
         <size>0xba</size>
         <input_file_ref idref="fl-12d"/>
      </object_component>
      <object_component id="oc-7b">
         <name>.debug_abbrev</name>
         <load_address>0x81c</load_address>
         <run_address>0x81c</run_address>
         <size>0x3e</size>
         <input_file_ref idref="fl-12e"/>
      </object_component>
      <object_component id="oc-90">
         <name>.debug_abbrev</name>
         <load_address>0x85a</load_address>
         <run_address>0x85a</run_address>
         <size>0x4f</size>
         <input_file_ref idref="fl-12f"/>
      </object_component>
      <object_component id="oc-93">
         <name>.debug_abbrev</name>
         <load_address>0x8a9</load_address>
         <run_address>0x8a9</run_address>
         <size>0x55</size>
         <input_file_ref idref="fl-130"/>
      </object_component>
      <object_component id="oc-a7">
         <name>.debug_abbrev</name>
         <load_address>0x8fe</load_address>
         <run_address>0x8fe</run_address>
         <size>0x27</size>
         <input_file_ref idref="fl-131"/>
      </object_component>
      <object_component id="oc-e3">
         <name>.debug_abbrev</name>
         <load_address>0x925</load_address>
         <run_address>0x925</run_address>
         <size>0x45</size>
         <input_file_ref idref="fl-132"/>
      </object_component>
      <object_component id="oc-d0">
         <name>.debug_abbrev</name>
         <load_address>0x96a</load_address>
         <run_address>0x96a</run_address>
         <size>0x29</size>
         <input_file_ref idref="fl-132"/>
      </object_component>
      <object_component id="oc-e2">
         <name>.debug_abbrev</name>
         <load_address>0x993</load_address>
         <run_address>0x993</run_address>
         <size>0x6f</size>
         <input_file_ref idref="fl-132"/>
      </object_component>
      <object_component id="oc-c3">
         <name>.debug_abbrev</name>
         <load_address>0xa02</load_address>
         <run_address>0xa02</run_address>
         <size>0x8e</size>
         <input_file_ref idref="fl-133"/>
      </object_component>
      <object_component id="oc-9c">
         <name>.debug_abbrev</name>
         <load_address>0xa90</load_address>
         <run_address>0xa90</run_address>
         <size>0x68</size>
         <input_file_ref idref="fl-133"/>
      </object_component>
      <object_component id="oc-c7">
         <name>.debug_abbrev</name>
         <load_address>0xaf8</load_address>
         <run_address>0xaf8</run_address>
         <size>0x49</size>
         <input_file_ref idref="fl-133"/>
      </object_component>
      <object_component id="oc-b7">
         <name>.debug_abbrev</name>
         <load_address>0xb41</load_address>
         <run_address>0xb41</run_address>
         <size>0x9a</size>
         <input_file_ref idref="fl-134"/>
      </object_component>
      <object_component id="oc-9a">
         <name>.debug_abbrev</name>
         <load_address>0xbdb</load_address>
         <run_address>0xbdb</run_address>
         <size>0x7e</size>
         <input_file_ref idref="fl-134"/>
      </object_component>
      <object_component id="oc-bb">
         <name>.debug_abbrev</name>
         <load_address>0xc59</load_address>
         <run_address>0xc59</run_address>
         <size>0x24</size>
         <input_file_ref idref="fl-134"/>
      </object_component>
      <object_component id="oc-c0">
         <name>.debug_abbrev</name>
         <load_address>0xc7d</load_address>
         <run_address>0xc7d</run_address>
         <size>0x4b</size>
         <input_file_ref idref="fl-134"/>
      </object_component>
      <object_component id="oc-db">
         <name>.debug_abbrev</name>
         <load_address>0xcc8</load_address>
         <run_address>0xcc8</run_address>
         <size>0x9c</size>
         <input_file_ref idref="fl-135"/>
      </object_component>
      <object_component id="oc-b5">
         <name>.debug_abbrev</name>
         <load_address>0xd64</load_address>
         <run_address>0xd64</run_address>
         <size>0x8c</size>
         <input_file_ref idref="fl-135"/>
      </object_component>
      <object_component id="oc-df">
         <name>.debug_abbrev</name>
         <load_address>0xdf0</load_address>
         <run_address>0xdf0</run_address>
         <size>0x24</size>
         <input_file_ref idref="fl-135"/>
      </object_component>
      <object_component id="oc-118">
         <name>.debug_abbrev</name>
         <load_address>0xe14</load_address>
         <run_address>0xe14</run_address>
         <size>0xf</size>
      </object_component>
      <object_component id="oc-eb">
         <name>.debug_str</name>
         <load_address>0x0</load_address>
         <run_address>0x0</run_address>
         <size>0x467</size>
         <input_file_ref idref="fl-2"/>
      </object_component>
      <object_component id="oc-b2">
         <name>.debug_str</name>
         <load_address>0x467</load_address>
         <run_address>0x467</run_address>
         <size>0x3676</size>
         <input_file_ref idref="fl-2"/>
      </object_component>
      <object_component id="oc-87">
         <name>.debug_str</name>
         <load_address>0x3add</load_address>
         <run_address>0x3add</run_address>
         <size>0xf5</size>
         <input_file_ref idref="fl-2"/>
      </object_component>
      <object_component id="oc-f0">
         <name>.debug_str</name>
         <load_address>0x3bd2</load_address>
         <run_address>0x3bd2</run_address>
         <size>0x20b</size>
         <input_file_ref idref="fl-2"/>
      </object_component>
      <object_component id="oc-35">
         <name>.debug_str</name>
         <load_address>0x3ddd</load_address>
         <run_address>0x3ddd</run_address>
         <size>0xe1</size>
         <input_file_ref idref="fl-12a"/>
      </object_component>
      <object_component id="oc-80">
         <name>.debug_str</name>
         <load_address>0x3ebe</load_address>
         <run_address>0x3ebe</run_address>
         <size>0x104</size>
         <input_file_ref idref="fl-12a"/>
      </object_component>
      <object_component id="oc-43">
         <name>.debug_str</name>
         <load_address>0x3fc2</load_address>
         <run_address>0x3fc2</run_address>
         <size>0xd3</size>
         <input_file_ref idref="fl-12b"/>
      </object_component>
      <object_component id="oc-8f">
         <name>.debug_str</name>
         <load_address>0x4095</load_address>
         <run_address>0x4095</run_address>
         <size>0x104</size>
         <input_file_ref idref="fl-12b"/>
      </object_component>
      <object_component id="oc-c9">
         <name>.debug_str</name>
         <load_address>0x4199</load_address>
         <run_address>0x4199</run_address>
         <size>0xb7</size>
         <input_file_ref idref="fl-133"/>
      </object_component>
      <object_component id="oc-bd">
         <name>.debug_str</name>
         <load_address>0x4250</load_address>
         <run_address>0x4250</run_address>
         <size>0xc3</size>
         <input_file_ref idref="fl-134"/>
      </object_component>
      <object_component id="oc-c2">
         <name>.debug_str</name>
         <load_address>0x4313</load_address>
         <run_address>0x4313</run_address>
         <size>0x15b</size>
         <input_file_ref idref="fl-134"/>
      </object_component>
      <object_component id="oc-e1">
         <name>.debug_str</name>
         <load_address>0x446e</load_address>
         <run_address>0x446e</run_address>
         <size>0xb8</size>
         <input_file_ref idref="fl-135"/>
      </object_component>
      <object_component id="oc-74">
         <name>.debug_aranges</name>
         <load_address>0x0</load_address>
         <run_address>0x0</run_address>
         <size>0x80</size>
         <input_file_ref idref="fl-2"/>
      </object_component>
      <object_component id="oc-6f">
         <name>.debug_aranges</name>
         <load_address>0x80</load_address>
         <run_address>0x80</run_address>
         <size>0x38</size>
         <input_file_ref idref="fl-3"/>
      </object_component>
      <object_component id="oc-24">
         <name>.debug_aranges</name>
         <load_address>0xb8</load_address>
         <run_address>0xb8</run_address>
         <size>0x20</size>
         <input_file_ref idref="fl-129"/>
      </object_component>
      <object_component id="oc-11">
         <name>.debug_aranges</name>
         <load_address>0xd8</load_address>
         <run_address>0xd8</run_address>
         <size>0x20</size>
         <input_file_ref idref="fl-12a"/>
      </object_component>
      <object_component id="oc-38">
         <name>.debug_aranges</name>
         <load_address>0xf8</load_address>
         <run_address>0xf8</run_address>
         <size>0x20</size>
         <input_file_ref idref="fl-12b"/>
      </object_component>
      <object_component id="oc-17">
         <name>.debug_aranges</name>
         <load_address>0x118</load_address>
         <run_address>0x118</run_address>
         <size>0x20</size>
         <input_file_ref idref="fl-12b"/>
      </object_component>
      <object_component id="oc-65">
         <name>.debug_aranges</name>
         <load_address>0x138</load_address>
         <run_address>0x138</run_address>
         <size>0x30</size>
         <input_file_ref idref="fl-12d"/>
      </object_component>
      <object_component id="oc-2f">
         <name>.debug_aranges</name>
         <load_address>0x168</load_address>
         <run_address>0x168</run_address>
         <size>0x20</size>
         <input_file_ref idref="fl-12e"/>
      </object_component>
      <object_component id="oc-46">
         <name>.debug_aranges</name>
         <load_address>0x188</load_address>
         <run_address>0x188</run_address>
         <size>0x28</size>
         <input_file_ref idref="fl-12f"/>
      </object_component>
      <object_component id="oc-55">
         <name>.debug_aranges</name>
         <load_address>0x1b0</load_address>
         <run_address>0x1b0</run_address>
         <size>0x20</size>
         <input_file_ref idref="fl-130"/>
      </object_component>
      <object_component id="oc-cf">
         <name>.debug_aranges</name>
         <load_address>0x1d0</load_address>
         <run_address>0x1d0</run_address>
         <size>0x30</size>
         <input_file_ref idref="fl-132"/>
      </object_component>
      <object_component id="oc-5d">
         <name>.debug_aranges</name>
         <load_address>0x200</load_address>
         <run_address>0x200</run_address>
         <size>0x20</size>
         <input_file_ref idref="fl-133"/>
      </object_component>
      <object_component id="oc-58">
         <name>.debug_aranges</name>
         <load_address>0x220</load_address>
         <run_address>0x220</run_address>
         <size>0x20</size>
         <input_file_ref idref="fl-134"/>
      </object_component>
      <object_component id="oc-95">
         <name>.debug_aranges</name>
         <load_address>0x240</load_address>
         <run_address>0x240</run_address>
         <size>0x20</size>
         <input_file_ref idref="fl-135"/>
      </object_component>
      <object_component id="oc-ac">
         <name>.debug_pubnames</name>
         <load_address>0x0</load_address>
         <run_address>0x0</run_address>
         <size>0x10f</size>
         <input_file_ref idref="fl-2"/>
      </object_component>
      <object_component id="oc-75">
         <name>.debug_pubnames</name>
         <load_address>0x10f</load_address>
         <run_address>0x10f</run_address>
         <size>0x109</size>
         <input_file_ref idref="fl-2"/>
      </object_component>
      <object_component id="oc-29">
         <name>.debug_pubnames</name>
         <load_address>0x218</load_address>
         <run_address>0x218</run_address>
         <size>0x27</size>
         <input_file_ref idref="fl-3"/>
      </object_component>
      <object_component id="oc-6e">
         <name>.debug_pubnames</name>
         <load_address>0x23f</load_address>
         <run_address>0x23f</run_address>
         <size>0x46</size>
         <input_file_ref idref="fl-3"/>
      </object_component>
      <object_component id="oc-25">
         <name>.debug_pubnames</name>
         <load_address>0x285</load_address>
         <run_address>0x285</run_address>
         <size>0x1f</size>
         <input_file_ref idref="fl-129"/>
      </object_component>
      <object_component id="oc-15">
         <name>.debug_pubnames</name>
         <load_address>0x2a4</load_address>
         <run_address>0x2a4</run_address>
         <size>0x2b</size>
         <input_file_ref idref="fl-12a"/>
      </object_component>
      <object_component id="oc-3c">
         <name>.debug_pubnames</name>
         <load_address>0x2cf</load_address>
         <run_address>0x2cf</run_address>
         <size>0x2f</size>
         <input_file_ref idref="fl-12b"/>
      </object_component>
      <object_component id="oc-1b">
         <name>.debug_pubnames</name>
         <load_address>0x2fe</load_address>
         <run_address>0x2fe</run_address>
         <size>0x2c</size>
         <input_file_ref idref="fl-12b"/>
      </object_component>
      <object_component id="oc-a3">
         <name>.debug_pubnames</name>
         <load_address>0x32a</load_address>
         <run_address>0x32a</run_address>
         <size>0x3a</size>
         <input_file_ref idref="fl-12d"/>
      </object_component>
      <object_component id="oc-64">
         <name>.debug_pubnames</name>
         <load_address>0x364</load_address>
         <run_address>0x364</run_address>
         <size>0x35</size>
         <input_file_ref idref="fl-12d"/>
      </object_component>
      <object_component id="oc-2e">
         <name>.debug_pubnames</name>
         <load_address>0x399</load_address>
         <run_address>0x399</run_address>
         <size>0x1d</size>
         <input_file_ref idref="fl-12e"/>
      </object_component>
      <object_component id="oc-47">
         <name>.debug_pubnames</name>
         <load_address>0x3b6</load_address>
         <run_address>0x3b6</run_address>
         <size>0x37</size>
         <input_file_ref idref="fl-12f"/>
      </object_component>
      <object_component id="oc-54">
         <name>.debug_pubnames</name>
         <load_address>0x3ed</load_address>
         <run_address>0x3ed</run_address>
         <size>0x27</size>
         <input_file_ref idref="fl-130"/>
      </object_component>
      <object_component id="oc-6a">
         <name>.debug_pubnames</name>
         <load_address>0x414</load_address>
         <run_address>0x414</run_address>
         <size>0x23</size>
         <input_file_ref idref="fl-131"/>
      </object_component>
      <object_component id="oc-a0">
         <name>.debug_pubnames</name>
         <load_address>0x437</load_address>
         <run_address>0x437</run_address>
         <size>0x28</size>
         <input_file_ref idref="fl-132"/>
      </object_component>
      <object_component id="oc-ce">
         <name>.debug_pubnames</name>
         <load_address>0x45f</load_address>
         <run_address>0x45f</run_address>
         <size>0x43</size>
         <input_file_ref idref="fl-132"/>
      </object_component>
      <object_component id="oc-5f">
         <name>.debug_pubnames</name>
         <load_address>0x4a2</load_address>
         <run_address>0x4a2</run_address>
         <size>0x21</size>
         <input_file_ref idref="fl-133"/>
      </object_component>
      <object_component id="oc-59">
         <name>.debug_pubnames</name>
         <load_address>0x4c3</load_address>
         <run_address>0x4c3</run_address>
         <size>0x25</size>
         <input_file_ref idref="fl-134"/>
      </object_component>
      <object_component id="oc-97">
         <name>.debug_pubnames</name>
         <load_address>0x4e8</load_address>
         <run_address>0x4e8</run_address>
         <size>0x1e</size>
         <input_file_ref idref="fl-135"/>
      </object_component>
      <object_component id="oc-e8">
         <name>.debug_pubtypes</name>
         <load_address>0x0</load_address>
         <run_address>0x0</run_address>
         <size>0xdd</size>
         <input_file_ref idref="fl-2"/>
      </object_component>
      <object_component id="oc-af">
         <name>.debug_pubtypes</name>
         <load_address>0xdd</load_address>
         <run_address>0xdd</run_address>
         <size>0x23b</size>
         <input_file_ref idref="fl-2"/>
      </object_component>
      <object_component id="oc-84">
         <name>.debug_pubtypes</name>
         <load_address>0x318</load_address>
         <run_address>0x318</run_address>
         <size>0xed</size>
         <input_file_ref idref="fl-2"/>
      </object_component>
      <object_component id="oc-ed">
         <name>.debug_pubtypes</name>
         <load_address>0x405</load_address>
         <run_address>0x405</run_address>
         <size>0x1c6</size>
         <input_file_ref idref="fl-2"/>
      </object_component>
      <object_component id="oc-32">
         <name>.debug_pubtypes</name>
         <load_address>0x5cb</load_address>
         <run_address>0x5cb</run_address>
         <size>0x48</size>
         <input_file_ref idref="fl-12a"/>
      </object_component>
      <object_component id="oc-7d">
         <name>.debug_pubtypes</name>
         <load_address>0x613</load_address>
         <run_address>0x613</run_address>
         <size>0x1d</size>
         <input_file_ref idref="fl-12a"/>
      </object_component>
      <object_component id="oc-40">
         <name>.debug_pubtypes</name>
         <load_address>0x630</load_address>
         <run_address>0x630</run_address>
         <size>0x37</size>
         <input_file_ref idref="fl-12b"/>
      </object_component>
      <object_component id="oc-8c">
         <name>.debug_pubtypes</name>
         <load_address>0x667</load_address>
         <run_address>0x667</run_address>
         <size>0x1d</size>
         <input_file_ref idref="fl-12b"/>
      </object_component>
      <object_component id="oc-a6">
         <name>.debug_pubtypes</name>
         <load_address>0x684</load_address>
         <run_address>0x684</run_address>
         <size>0x1f</size>
         <input_file_ref idref="fl-12d"/>
      </object_component>
      <object_component id="oc-d3">
         <name>.debug_pubtypes</name>
         <load_address>0x6a3</load_address>
         <run_address>0x6a3</run_address>
         <size>0x1f</size>
         <input_file_ref idref="fl-132"/>
      </object_component>
      <object_component id="oc-c6">
         <name>.debug_pubtypes</name>
         <load_address>0x6c2</load_address>
         <run_address>0x6c2</run_address>
         <size>0x1b</size>
         <input_file_ref idref="fl-133"/>
      </object_component>
      <object_component id="oc-ba">
         <name>.debug_pubtypes</name>
         <load_address>0x6dd</load_address>
         <run_address>0x6dd</run_address>
         <size>0x32</size>
         <input_file_ref idref="fl-134"/>
      </object_component>
      <object_component id="oc-bf">
         <name>.debug_pubtypes</name>
         <load_address>0x70f</load_address>
         <run_address>0x70f</run_address>
         <size>0x50</size>
         <input_file_ref idref="fl-134"/>
      </object_component>
      <object_component id="oc-de">
         <name>.debug_pubtypes</name>
         <load_address>0x75f</load_address>
         <run_address>0x75f</run_address>
         <size>0x23</size>
         <input_file_ref idref="fl-135"/>
      </object_component>
   </object_component_list>
   <logical_group_list>
      <logical_group id="lg-3" display="no" color="cyan">
         <name>.intvecs</name>
         <load_address>0x0</load_address>
         <run_address>0x0</run_address>
         <size>0x140</size>
         <contents>
            <object_component_ref idref="oc-27"/>
         </contents>
      </logical_group>
      <logical_group id="lg-4" display="no" color="cyan">
         <name>.text</name>
         <load_address>0x140</load_address>
         <run_address>0x140</run_address>
         <size>0x9a8</size>
         <contents>
            <object_component_ref idref="oc-72"/>
            <object_component_ref idref="oc-2b"/>
            <object_component_ref idref="oc-44"/>
            <object_component_ref idref="oc-56"/>
            <object_component_ref idref="oc-37"/>
            <object_component_ref idref="oc-22"/>
            <object_component_ref idref="oc-94"/>
            <object_component_ref idref="oc-62"/>
            <object_component_ref idref="oc-5c"/>
            <object_component_ref idref="oc-ca"/>
            <object_component_ref idref="oc-10"/>
            <object_component_ref idref="oc-6c"/>
            <object_component_ref idref="oc-16"/>
            <object_component_ref idref="oc-50"/>
         </contents>
      </logical_group>
      <logical_group id="lg-5" display="no" color="cyan">
         <name>.const</name>
         <run_address>0x0</run_address>
         <size>0x0</size>
         <contents>
         </contents>
      </logical_group>
      <logical_group id="lg-6" display="no" color="cyan">
         <name>.cinit</name>
         <load_address>0xae8</load_address>
         <run_address>0xae8</run_address>
         <size>0x4c</size>
         <contents>
            <object_component_ref idref="oc-115"/>
            <object_component_ref idref="oc-113"/>
            <object_component_ref idref="oc-114"/>
         </contents>
      </logical_group>
      <logical_group id="lg-7" display="no" color="cyan">
         <name>.pinit</name>
         <run_address>0x0</run_address>
         <size>0x0</size>
         <contents>
         </contents>
      </logical_group>
      <logical_group id="lg-8" display="no" color="cyan">
         <name>.init_array</name>
         <run_address>0x0</run_address>
         <size>0x0</size>
         <contents>
         </contents>
      </logical_group>
      <logical_group id="lg-9" display="no" color="cyan">
         <name>.flashMailbox</name>
         <run_address>0x0</run_address>
         <size>0x0</size>
         <contents>
         </contents>
      </logical_group>
      <logical_group id="lg-a" display="no" color="cyan">
         <name>.vtable</name>
         <run_address>0x0</run_address>
         <size>0x0</size>
         <contents>
         </contents>
      </logical_group>
      <logical_group id="lg-d" display="no" color="cyan">
         <name>.sysmem</name>
         <run_address>0x0</run_address>
         <size>0x0</size>
         <contents>
         </contents>
      </logical_group>
      <logical_group id="lg-e" display="no" color="cyan">
         <name>.stack</name>
         <run_address>0x2000fe00</run_address>
         <size>0x200</size>
         <contents>
            <object_component_ref idref="oc-2a"/>
            <object_component_ref idref="oc-116"/>
         </contents>
      </logical_group>
      <logical_group id="lg-f2" display="no" color="cyan">
         <name>.TI.noinit</name>
         <run_address>0x0</run_address>
         <size>0x0</size>
         <contents>
         </contents>
      </logical_group>
      <logical_group id="lg-c" display="no" color="cyan">
         <name>.bss</name>
         <run_address>0x0</run_address>
         <size>0x0</size>
         <contents>
         </contents>
      </logical_group>
      <logical_group id="lg-f1" display="no" color="cyan">
         <name>BSS_GROUP</name>
         <run_address>0x0</run_address>
         <size>0x0</size>
         <contents>
            <logical_group_ref idref="lg-f2"/>
            <logical_group_ref idref="lg-c"/>
         </contents>
      </logical_group>
      <logical_group id="lg-f4" display="no" color="cyan">
         <name>.TI.persistent</name>
         <run_address>0x20000000</run_address>
         <size>0x0</size>
         <contents>
         </contents>
      </logical_group>
      <logical_group id="lg-b" display="no" color="cyan">
         <name>.data</name>
         <run_address>0x20000000</run_address>
         <size>0x68</size>
         <contents>
            <object_component_ref idref="oc-aa"/>
            <object_component_ref idref="oc-a1"/>
            <object_component_ref idref="oc-68"/>
            <object_component_ref idref="oc-9e"/>
         </contents>
      </logical_group>
      <logical_group id="lg-f3" display="no" color="cyan">
         <name>DATA_GROUP</name>
         <load_address>0x20000000</load_address>
         <run_address>0x20000000</run_address>
         <size>0x68</size>
         <contents>
            <logical_group_ref idref="lg-f4"/>
            <logical_group_ref idref="lg-b"/>
         </contents>
      </logical_group>
      <logical_group id="lg-103" display="never" color="cyan">
         <name>.debug_info</name>
         <load_address>0x0</load_address>
         <run_address>0x0</run_address>
         <size>0x205e1</size>
         <contents>
            <object_component_ref idref="oc-da"/>
            <object_component_ref idref="oc-ab"/>
            <object_component_ref idref="oc-73"/>
            <object_component_ref idref="oc-e7"/>
            <object_component_ref idref="oc-ae"/>
            <object_component_ref idref="oc-83"/>
            <object_component_ref idref="oc-ec"/>
            <object_component_ref idref="oc-7a"/>
            <object_component_ref idref="oc-28"/>
            <object_component_ref idref="oc-6d"/>
            <object_component_ref idref="oc-23"/>
            <object_component_ref idref="oc-36"/>
            <object_component_ref idref="oc-14"/>
            <object_component_ref idref="oc-31"/>
            <object_component_ref idref="oc-7c"/>
            <object_component_ref idref="oc-3e"/>
            <object_component_ref idref="oc-3b"/>
            <object_component_ref idref="oc-1a"/>
            <object_component_ref idref="oc-3f"/>
            <object_component_ref idref="oc-8b"/>
            <object_component_ref idref="oc-a5"/>
            <object_component_ref idref="oc-a2"/>
            <object_component_ref idref="oc-63"/>
            <object_component_ref idref="oc-2d"/>
            <object_component_ref idref="oc-45"/>
            <object_component_ref idref="oc-53"/>
            <object_component_ref idref="oc-69"/>
            <object_component_ref idref="oc-d2"/>
            <object_component_ref idref="oc-9f"/>
            <object_component_ref idref="oc-cd"/>
            <object_component_ref idref="oc-9d"/>
            <object_component_ref idref="oc-5e"/>
            <object_component_ref idref="oc-c5"/>
            <object_component_ref idref="oc-9b"/>
            <object_component_ref idref="oc-57"/>
            <object_component_ref idref="oc-b9"/>
            <object_component_ref idref="oc-be"/>
            <object_component_ref idref="oc-b6"/>
            <object_component_ref idref="oc-96"/>
            <object_component_ref idref="oc-dd"/>
            <object_component_ref idref="oc-117"/>
         </contents>
      </logical_group>
      <logical_group id="lg-105" display="never" color="cyan">
         <name>.debug_line</name>
         <load_address>0x0</load_address>
         <run_address>0x0</run_address>
         <size>0x101b</size>
         <contents>
            <object_component_ref idref="oc-e6"/>
            <object_component_ref idref="oc-d9"/>
            <object_component_ref idref="oc-76"/>
            <object_component_ref idref="oc-ea"/>
            <object_component_ref idref="oc-b1"/>
            <object_component_ref idref="oc-86"/>
            <object_component_ref idref="oc-ef"/>
            <object_component_ref idref="oc-b4"/>
            <object_component_ref idref="oc-79"/>
            <object_component_ref idref="oc-70"/>
            <object_component_ref idref="oc-26"/>
            <object_component_ref idref="oc-82"/>
            <object_component_ref idref="oc-13"/>
            <object_component_ref idref="oc-34"/>
            <object_component_ref idref="oc-7f"/>
            <object_component_ref idref="oc-8a"/>
            <object_component_ref idref="oc-3a"/>
            <object_component_ref idref="oc-18"/>
            <object_component_ref idref="oc-42"/>
            <object_component_ref idref="oc-8e"/>
            <object_component_ref idref="oc-d7"/>
            <object_component_ref idref="oc-d5"/>
            <object_component_ref idref="oc-66"/>
            <object_component_ref idref="oc-2c"/>
            <object_component_ref idref="oc-48"/>
            <object_component_ref idref="oc-52"/>
            <object_component_ref idref="oc-a8"/>
            <object_component_ref idref="oc-e4"/>
            <object_component_ref idref="oc-d1"/>
            <object_component_ref idref="oc-cc"/>
            <object_component_ref idref="oc-c4"/>
            <object_component_ref idref="oc-60"/>
            <object_component_ref idref="oc-c8"/>
            <object_component_ref idref="oc-b8"/>
            <object_component_ref idref="oc-5a"/>
            <object_component_ref idref="oc-bc"/>
            <object_component_ref idref="oc-c1"/>
            <object_component_ref idref="oc-dc"/>
            <object_component_ref idref="oc-98"/>
            <object_component_ref idref="oc-e0"/>
         </contents>
      </logical_group>
      <logical_group id="lg-107" display="never" color="cyan">
         <name>.debug_frame</name>
         <load_address>0x0</load_address>
         <run_address>0x0</run_address>
         <size>0x73a</size>
         <contents>
            <object_component_ref idref="oc-77"/>
            <object_component_ref idref="oc-71"/>
            <object_component_ref idref="oc-12"/>
            <object_component_ref idref="oc-39"/>
            <object_component_ref idref="oc-19"/>
            <object_component_ref idref="oc-67"/>
            <object_component_ref idref="oc-51"/>
            <object_component_ref idref="oc-cb"/>
            <object_component_ref idref="oc-61"/>
            <object_component_ref idref="oc-5b"/>
            <object_component_ref idref="oc-99"/>
         </contents>
      </logical_group>
      <logical_group id="lg-109" display="never" color="cyan">
         <name>.debug_abbrev</name>
         <load_address>0x0</load_address>
         <run_address>0x0</run_address>
         <size>0xe23</size>
         <contents>
            <object_component_ref idref="oc-e5"/>
            <object_component_ref idref="oc-d8"/>
            <object_component_ref idref="oc-ad"/>
            <object_component_ref idref="oc-e9"/>
            <object_component_ref idref="oc-b0"/>
            <object_component_ref idref="oc-85"/>
            <object_component_ref idref="oc-ee"/>
            <object_component_ref idref="oc-b3"/>
            <object_component_ref idref="oc-78"/>
            <object_component_ref idref="oc-a9"/>
            <object_component_ref idref="oc-6b"/>
            <object_component_ref idref="oc-81"/>
            <object_component_ref idref="oc-30"/>
            <object_component_ref idref="oc-33"/>
            <object_component_ref idref="oc-7e"/>
            <object_component_ref idref="oc-89"/>
            <object_component_ref idref="oc-88"/>
            <object_component_ref idref="oc-3d"/>
            <object_component_ref idref="oc-41"/>
            <object_component_ref idref="oc-8d"/>
            <object_component_ref idref="oc-d6"/>
            <object_component_ref idref="oc-d4"/>
            <object_component_ref idref="oc-a4"/>
            <object_component_ref idref="oc-7b"/>
            <object_component_ref idref="oc-90"/>
            <object_component_ref idref="oc-93"/>
            <object_component_ref idref="oc-a7"/>
            <object_component_ref idref="oc-e3"/>
            <object_component_ref idref="oc-d0"/>
            <object_component_ref idref="oc-e2"/>
            <object_component_ref idref="oc-c3"/>
            <object_component_ref idref="oc-9c"/>
            <object_component_ref idref="oc-c7"/>
            <object_component_ref idref="oc-b7"/>
            <object_component_ref idref="oc-9a"/>
            <object_component_ref idref="oc-bb"/>
            <object_component_ref idref="oc-c0"/>
            <object_component_ref idref="oc-db"/>
            <object_component_ref idref="oc-b5"/>
            <object_component_ref idref="oc-df"/>
            <object_component_ref idref="oc-118"/>
         </contents>
      </logical_group>
      <logical_group id="lg-10b" display="never" color="cyan">
         <name>.debug_str</name>
         <load_address>0x0</load_address>
         <run_address>0x0</run_address>
         <size>0x4526</size>
         <contents>
            <object_component_ref idref="oc-eb"/>
            <object_component_ref idref="oc-b2"/>
            <object_component_ref idref="oc-87"/>
            <object_component_ref idref="oc-f0"/>
            <object_component_ref idref="oc-35"/>
            <object_component_ref idref="oc-80"/>
            <object_component_ref idref="oc-43"/>
            <object_component_ref idref="oc-8f"/>
            <object_component_ref idref="oc-c9"/>
            <object_component_ref idref="oc-bd"/>
            <object_component_ref idref="oc-c2"/>
            <object_component_ref idref="oc-e1"/>
         </contents>
      </logical_group>
      <logical_group id="lg-10d" display="never" color="cyan">
         <name>.debug_aranges</name>
         <load_address>0x0</load_address>
         <run_address>0x0</run_address>
         <size>0x260</size>
         <contents>
            <object_component_ref idref="oc-74"/>
            <object_component_ref idref="oc-6f"/>
            <object_component_ref idref="oc-24"/>
            <object_component_ref idref="oc-11"/>
            <object_component_ref idref="oc-38"/>
            <object_component_ref idref="oc-17"/>
            <object_component_ref idref="oc-65"/>
            <object_component_ref idref="oc-2f"/>
            <object_component_ref idref="oc-46"/>
            <object_component_ref idref="oc-55"/>
            <object_component_ref idref="oc-cf"/>
            <object_component_ref idref="oc-5d"/>
            <object_component_ref idref="oc-58"/>
            <object_component_ref idref="oc-95"/>
         </contents>
      </logical_group>
      <logical_group id="lg-10f" display="never" color="cyan">
         <name>.debug_pubnames</name>
         <load_address>0x0</load_address>
         <run_address>0x0</run_address>
         <size>0x506</size>
         <contents>
            <object_component_ref idref="oc-ac"/>
            <object_component_ref idref="oc-75"/>
            <object_component_ref idref="oc-29"/>
            <object_component_ref idref="oc-6e"/>
            <object_component_ref idref="oc-25"/>
            <object_component_ref idref="oc-15"/>
            <object_component_ref idref="oc-3c"/>
            <object_component_ref idref="oc-1b"/>
            <object_component_ref idref="oc-a3"/>
            <object_component_ref idref="oc-64"/>
            <object_component_ref idref="oc-2e"/>
            <object_component_ref idref="oc-47"/>
            <object_component_ref idref="oc-54"/>
            <object_component_ref idref="oc-6a"/>
            <object_component_ref idref="oc-a0"/>
            <object_component_ref idref="oc-ce"/>
            <object_component_ref idref="oc-5f"/>
            <object_component_ref idref="oc-59"/>
            <object_component_ref idref="oc-97"/>
         </contents>
      </logical_group>
      <logical_group id="lg-111" display="never" color="cyan">
         <name>.debug_pubtypes</name>
         <load_address>0x0</load_address>
         <run_address>0x0</run_address>
         <size>0x782</size>
         <contents>
            <object_component_ref idref="oc-e8"/>
            <object_component_ref idref="oc-af"/>
            <object_component_ref idref="oc-84"/>
            <object_component_ref idref="oc-ed"/>
            <object_component_ref idref="oc-32"/>
            <object_component_ref idref="oc-7d"/>
            <object_component_ref idref="oc-40"/>
            <object_component_ref idref="oc-8c"/>
            <object_component_ref idref="oc-a6"/>
            <object_component_ref idref="oc-d3"/>
            <object_component_ref idref="oc-c6"/>
            <object_component_ref idref="oc-ba"/>
            <object_component_ref idref="oc-bf"/>
            <object_component_ref idref="oc-de"/>
         </contents>
      </logical_group>
      <load_segment id="lg-11b" display="no" color="cyan">
         <name>SEGMENT_0</name>
         <load_address>0x0</load_address>
         <run_address>0x0</run_address>
         <size>0xb34</size>
         <flags>0x5</flags>
         <contents>
            <logical_group_ref idref="lg-3"/>
            <logical_group_ref idref="lg-4"/>
            <logical_group_ref idref="lg-6"/>
         </contents>
      </load_segment>
      <load_segment id="lg-11c" display="no" color="cyan">
         <name>SEGMENT_1</name>
         <run_address>0x20000000</run_address>
         <size>0x68</size>
         <flags>0x6</flags>
         <contents>
            <logical_group_ref idref="lg-b"/>
         </contents>
      </load_segment>
      <load_segment id="lg-11d" display="no" color="cyan">
         <name>SEGMENT_2</name>
         <run_address>0x2000fe00</run_address>
         <size>0x200</size>
         <flags>0x6</flags>
         <contents>
            <logical_group_ref idref="lg-e"/>
         </contents>
      </load_segment>
   </logical_group_list>
   <placement_map>
      <memory_area display="yes" color="green">
         <name>MAIN</name>
         <page_id>0x0</page_id>
         <origin>0x0</origin>
         <length>0x40000</length>
         <used_space>0xb34</used_space>
         <unused_space>0x3f4cc</unused_space>
         <attributes>RX</attributes>
         <usage_details>
            <allocated_space>
               <start_address>0x0</start_address>
               <size>0x140</size>
               <logical_group_ref idref="lg-3"/>
            </allocated_space>
            <allocated_space>
               <start_address>0x140</start_address>
               <size>0x9a8</size>
               <logical_group_ref idref="lg-4"/>
            </allocated_space>
            <allocated_space>
               <start_address>0xae8</start_address>
               <size>0x4c</size>
               <logical_group_ref idref="lg-6"/>
            </allocated_space>
            <available_space>
               <start_address>0xb34</start_address>
               <size>0x3f4cc</size>
            </available_space>
         </usage_details>
      </memory_area>
      <memory_area display="yes" color="green">
         <name>INFO</name>
         <page_id>0x0</page_id>
         <origin>0x200000</origin>
         <length>0x4000</length>
         <used_space>0x0</used_space>
         <unused_space>0x4000</unused_space>
         <attributes>RX</attributes>
         <usage_details>
         </usage_details>
      </memory_area>
      <memory_area display="yes" color="green">
         <name>SRAM_CODE</name>
         <page_id>0x0</page_id>
         <origin>0x1000000</origin>
         <length>0x10000</length>
         <used_space>0x0</used_space>
         <unused_space>0x10000</unused_space>
         <attributes>RWX</attributes>
         <usage_details>
         </usage_details>
      </memory_area>
      <memory_area display="yes" color="green">
         <name>SRAM_DATA</name>
         <page_id>0x0</page_id>
         <origin>0x20000000</origin>
         <length>0x10000</length>
         <used_space>0x268</used_space>
         <unused_space>0xfd98</unused_space>
         <attributes>RW</attributes>
         <usage_details>
            <allocated_space>
               <start_address>0x20000000</start_address>
               <size>0x68</size>
               <logical_group_ref idref="lg-f3"/>
            </allocated_space>
            <available_space>
               <start_address>0x20000068</start_address>
               <size>0xfd98</size>
            </available_space>
            <allocated_space>
               <start_address>0x2000fe00</start_address>
               <size>0x200</size>
               <logical_group_ref idref="lg-e"/>
            </allocated_space>
         </usage_details>
      </memory_area>
   </placement_map>
   <cptbl_list>
      <cptbl>
         <name>__TI_cinit_table</name>
         <cprec>
            <name>.data</name>
            <load_address>0xae8</load_address>
            <load_size>0x3c</load_size>
            <run_address>0x20000000</run_address>
            <run_size>0x68</run_size>
            <compression>rle</compression>
         </cprec>
      </cptbl>
   </cptbl_list>
   <handler_table>
      <handler_table_name>__TI_handler_table</handler_table_name>
      <handler>
         <index>0x0</index>
         <name>__TI_decompress_rle24</name>
      </handler>
      <handler>
         <index>0x1</index>
         <name>__TI_decompress_none</name>
      </handler>
   </handler_table>
   <symbol_table>
      <symbol id="sm-1">
         <name>WDTCTL_SYM</name>
         <value>0x4000480c</value>
      </symbol>
      <symbol id="sm-2">
         <name>__TI_CINIT_Base</name>
         <value>0xb2c</value>
      </symbol>
      <symbol id="sm-3">
         <name>__TI_CINIT_Limit</name>
         <value>0xb34</value>
      </symbol>
      <symbol id="sm-4">
         <name>__TI_Handler_Table_Base</name>
         <value>0xb24</value>
      </symbol>
      <symbol id="sm-5">
         <name>__TI_Handler_Table_Limit</name>
         <value>0xb2c</value>
      </symbol>
      <symbol id="sm-6">
         <name>binit</name>
         <value>0xffffffff</value>
      </symbol>
      <symbol id="sm-7">
         <name>__binit__</name>
         <value>0xffffffff</value>
      </symbol>
      <symbol id="sm-8">
         <name>__STACK_SIZE</name>
         <value>0x200</value>
      </symbol>
      <symbol id="sm-9">
         <name>__STACK_END</name>
         <value>0x20010000</value>
      </symbol>
      <symbol id="sm-a">
         <name>__c_args__</name>
         <value>0xffffffff</value>
      </symbol>
      <symbol id="sm-c8">
         <name>redArray</name>
         <value>0x20000030</value>
         <object_component_ref idref="oc-aa"/>
      </symbol>
      <symbol id="sm-c9">
         <name>radix</name>
         <value>0x2000001c</value>
         <object_component_ref idref="oc-aa"/>
      </symbol>
      <symbol id="sm-ca">
         <name>portOneInterrupt</name>
         <value>0x499</value>
         <object_component_ref idref="oc-72"/>
      </symbol>
      <symbol id="sm-cb">
         <name>colors</name>
         <value>0x20000040</value>
         <object_component_ref idref="oc-aa"/>
      </symbol>
      <symbol id="sm-cc">
         <name>setClockFrequency</name>
         <value>0x35b</value>
         <object_component_ref idref="oc-72"/>
      </symbol>
      <symbol id="sm-cd">
         <name>minutesCounter</name>
         <value>0x20000012</value>
         <object_component_ref idref="oc-aa"/>
      </symbol>
      <symbol id="sm-ce">
         <name>greenIntensity</name>
         <value>0x20000016</value>
         <object_component_ref idref="oc-aa"/>
      </symbol>
      <symbol id="sm-cf">
         <name>updateSecond</name>
         <value>0x465</value>
         <object_component_ref idref="oc-72"/>
      </symbol>
      <symbol id="sm-d0">
         <name>updateHour</name>
         <value>0x401</value>
         <object_component_ref idref="oc-72"/>
      </symbol>
      <symbol id="sm-d1">
         <name>hour</name>
         <value>0x20000036</value>
         <object_component_ref idref="oc-aa"/>
      </symbol>
      <symbol id="sm-d2">
         <name>color</name>
         <value>0x20000000</value>
         <object_component_ref idref="oc-aa"/>
      </symbol>
      <symbol id="sm-d3">
         <name>redIntensity</name>
         <value>0x2000001a</value>
         <object_component_ref idref="oc-aa"/>
      </symbol>
      <symbol id="sm-d4">
         <name>m</name>
         <value>0x20000050</value>
         <object_component_ref idref="oc-aa"/>
      </symbol>
      <symbol id="sm-d5">
         <name>updateHourLights</name>
         <value>0x37d</value>
         <object_component_ref idref="oc-72"/>
      </symbol>
      <symbol id="sm-d6">
         <name>configureTimer</name>
         <value>0x2ff</value>
         <object_component_ref idref="oc-72"/>
      </symbol>
      <symbol id="sm-d7">
         <name>blueArray</name>
         <value>0x20000028</value>
         <object_component_ref idref="oc-aa"/>
      </symbol>
      <symbol id="sm-d8">
         <name>initializePushButton</name>
         <value>0x2c3</value>
         <object_component_ref idref="oc-72"/>
      </symbol>
      <symbol id="sm-d9">
         <name>selectPortFunction</name>
         <value>0x165</value>
         <object_component_ref idref="oc-72"/>
      </symbol>
      <symbol id="sm-da">
         <name>timerA0Interrupt</name>
         <value>0x561</value>
         <object_component_ref idref="oc-72"/>
      </symbol>
      <symbol id="sm-db">
         <name>hoursCounter</name>
         <value>0x20000014</value>
         <object_component_ref idref="oc-aa"/>
      </symbol>
      <symbol id="sm-dc">
         <name>main</name>
         <value>0x735</value>
         <object_component_ref idref="oc-72"/>
      </symbol>
      <symbol id="sm-dd">
         <name>milliSecondsCounter</name>
         <value>0x2000000c</value>
         <object_component_ref idref="oc-aa"/>
      </symbol>
      <symbol id="sm-de">
         <name>minute</name>
         <value>0x2000004c</value>
         <object_component_ref idref="oc-aa"/>
      </symbol>
      <symbol id="sm-df">
         <name>greenArray</name>
         <value>0x2000001e</value>
         <object_component_ref idref="oc-aa"/>
      </symbol>
      <symbol id="sm-e0">
         <name>secondsCounter</name>
         <value>0x20000010</value>
         <object_component_ref idref="oc-aa"/>
      </symbol>
      <symbol id="sm-e1">
         <name>counter</name>
         <value>0x20000008</value>
         <object_component_ref idref="oc-aa"/>
      </symbol>
      <symbol id="sm-e2">
         <name>blueIntensity</name>
         <value>0x20000018</value>
         <object_component_ref idref="oc-aa"/>
      </symbol>
      <symbol id="sm-e3">
         <name>mode</name>
         <value>0x20000004</value>
         <object_component_ref idref="oc-aa"/>
      </symbol>
      <symbol id="sm-e4">
         <name>updateMinute</name>
         <value>0x423</value>
         <object_component_ref idref="oc-72"/>
      </symbol>
      <symbol id="sm-e5">
         <name>initializeLED</name>
         <value>0x269</value>
         <object_component_ref idref="oc-72"/>
      </symbol>
      <symbol id="sm-102">
         <name>interruptVectors</name>
         <value>0x0</value>
         <object_component_ref idref="oc-27"/>
      </symbol>
      <symbol id="sm-114">
         <name>_c_int00</name>
         <value>0x9b9</value>
         <object_component_ref idref="oc-22"/>
      </symbol>
      <symbol id="sm-115">
         <name>__stack</name>
         <value>0x2000fe00</value>
         <object_component_ref idref="oc-2a"/>
      </symbol>
      <symbol id="sm-12c">
         <name>__TI_decompress_none</name>
         <value>0xac5</value>
         <object_component_ref idref="oc-10"/>
      </symbol>
      <symbol id="sm-154">
         <name>__TI_decompress_rle24</name>
         <value>0xadf</value>
         <object_component_ref idref="oc-16"/>
      </symbol>
      <symbol id="sm-174">
         <name>C$$EXIT</name>
         <value>0xa55</value>
         <object_component_ref idref="oc-62"/>
      </symbol>
      <symbol id="sm-175">
         <name>abort</name>
         <value>0xa59</value>
         <object_component_ref idref="oc-62"/>
      </symbol>
      <symbol id="sm-176">
         <name>exit</name>
         <value>0xa61</value>
         <object_component_ref idref="oc-62"/>
      </symbol>
      <symbol id="sm-177">
         <name>__TI_dtors_ptr</name>
         <value>0x20000060</value>
         <object_component_ref idref="oc-a1"/>
      </symbol>
      <symbol id="sm-178">
         <name>__TI_cleanup_ptr</name>
         <value>0x2000005c</value>
         <object_component_ref idref="oc-a1"/>
      </symbol>
      <symbol id="sm-193">
         <name>memcpy</name>
         <value>0x7c9</value>
         <object_component_ref idref="oc-2b"/>
      </symbol>
      <symbol id="sm-194">
         <name>__aeabi_memcpy</name>
         <value>0x7c9</value>
         <object_component_ref idref="oc-2b"/>
      </symbol>
      <symbol id="sm-195">
         <name>__aeabi_memcpy8</name>
         <value>0x7c9</value>
         <object_component_ref idref="oc-2b"/>
      </symbol>
      <symbol id="sm-196">
         <name>__aeabi_memcpy4</name>
         <value>0x7c9</value>
         <object_component_ref idref="oc-2b"/>
      </symbol>
      <symbol id="sm-1a5">
         <name>__aeabi_memset</name>
         <value>0x867</value>
         <object_component_ref idref="oc-44"/>
      </symbol>
      <symbol id="sm-1a6">
         <name>memset</name>
         <value>0x86d</value>
         <object_component_ref idref="oc-44"/>
      </symbol>
      <symbol id="sm-1a7">
         <name>__aeabi_memset8</name>
         <value>0x867</value>
         <object_component_ref idref="oc-44"/>
      </symbol>
      <symbol id="sm-1a8">
         <name>__aeabi_memset4</name>
         <value>0x867</value>
         <object_component_ref idref="oc-44"/>
      </symbol>
      <symbol id="sm-1a9">
         <name>__aeabi_memclr8</name>
         <value>0x865</value>
         <object_component_ref idref="oc-44"/>
      </symbol>
      <symbol id="sm-1aa">
         <name>__aeabi_memclr4</name>
         <value>0x865</value>
         <object_component_ref idref="oc-44"/>
      </symbol>
      <symbol id="sm-1ab">
         <name>__aeabi_memclr</name>
         <value>0x865</value>
         <object_component_ref idref="oc-44"/>
      </symbol>
      <symbol id="sm-1b5">
         <name>_system_pre_init</name>
         <value>0xae5</value>
         <object_component_ref idref="oc-50"/>
      </symbol>
      <symbol id="sm-1bd">
         <name>main_func_sp</name>
         <value>0x20000064</value>
         <object_component_ref idref="oc-68"/>
      </symbol>
      <symbol id="sm-1d6">
         <name>_nop</name>
         <value>0xabf</value>
         <object_component_ref idref="oc-ca"/>
      </symbol>
      <symbol id="sm-1d7">
         <name>_lock</name>
         <value>0x20000054</value>
         <object_component_ref idref="oc-9e"/>
      </symbol>
      <symbol id="sm-1d8">
         <name>_unlock</name>
         <value>0x20000058</value>
         <object_component_ref idref="oc-9e"/>
      </symbol>
      <symbol id="sm-1d9">
         <name>_register_lock</name>
         <value>0xab7</value>
         <object_component_ref idref="oc-ca"/>
      </symbol>
      <symbol id="sm-1da">
         <name>_register_unlock</name>
         <value>0xab1</value>
         <object_component_ref idref="oc-ca"/>
      </symbol>
      <symbol id="sm-1ef">
         <name>_args_main</name>
         <value>0xa99</value>
         <object_component_ref idref="oc-5c"/>
      </symbol>
      <symbol id="sm-215">
         <name>__TI_auto_init</name>
         <value>0x8e1</value>
         <object_component_ref idref="oc-56"/>
      </symbol>
      <symbol id="sm-22f">
         <name>copy_in</name>
         <value>0xa09</value>
         <object_component_ref idref="oc-94"/>
      </symbol>
      <symbol id="sm-230">
         <name>__TI_static_base__</name>
         <value>0x0</value>
      </symbol>
      <symbol id="sm-233">
         <name>SHT$$INIT_ARRAY$$Limit</name>
         <value>0x0</value>
      </symbol>
      <symbol id="sm-234">
         <name>SHT$$INIT_ARRAY$$Base</name>
         <value>0x0</value>
      </symbol>
   </symbol_table>
   <title>Link successful</title>
</link_info>
