******************************************************************************
                  TI ARM Linker PC v5.2.5                      
******************************************************************************
>> Linked Thu Feb 11 03:30:27 2016

OUTPUT FILE NAME:   <DolanClock.out>
ENTRY POINT SYMBOL: "_c_int00"  address: 000009b9


MEMORY CONFIGURATION

         name            origin    length      used     unused   attr    fill
----------------------  --------  ---------  --------  --------  ----  --------
  MAIN                  00000000   00040000  00000b34  0003f4cc  R  X
  INFO                  00200000   00004000  00000000  00004000  R  X
  SRAM_CODE             01000000   00010000  00000000  00010000  RW X
  SRAM_DATA             20000000   00010000  00000268  0000fd98  RW  


SEGMENT ALLOCATION MAP

run origin  load origin   length   init length attrs members
----------  ----------- ---------- ----------- ----- -------
00000000    00000000    00000b34   00000b34    r-x
  00000000    00000000    00000140   00000140    r-- .intvecs
  00000140    00000140    000009a8   000009a8    r-x .text
  00000ae8    00000ae8    0000004c   0000004c    r-- .cinit
20000000    20000000    00000068   00000000    rw-
  20000000    20000000    00000068   00000000    rw- .data
2000fe00    2000fe00    00000200   00000000    rw-
  2000fe00    2000fe00    00000200   00000000    rw- .stack


SECTION ALLOCATION MAP

 output                                  attributes/
section   page    origin      length       input sections
--------  ----  ----------  ----------   ----------------
.intvecs   0    00000000    00000140     
                  00000000    00000140     msp432_startup_ccs.obj (.intvecs:retain)

.text      0    00000140    000009a8     
                  00000140    00000688     main.obj (.text)
                  000007c8    0000009c     rtsv7M4_T_le_v4SPD16_eabi.lib : memcpy_t2.obj (.text)
                  00000864    0000007a                                   : memset_t2.obj (.text)
                  000008de    00000002     --HOLE-- [fill = 0]
                  000008e0    0000006c                                   : autoinit.obj (.text)
                  0000094c    0000006a                                   : copy_decompress_rle.obj (.text)
                  000009b6    00000002     --HOLE-- [fill = 0]
                  000009b8    00000050                                   : boot.obj (.text)
                  00000a08    0000004c                                   : cpy_tbl.obj (.text)
                  00000a54    00000044                                   : exit.obj (.text)
                  00000a98    00000018                                   : args_main.obj (.text)
                  00000ab0    00000014                                   : _lock.obj (.text)
                  00000ac4    0000000e                                   : copy_decompress_none.obj (.text:decompress:none)
                  00000ad2    0000000c     msp432_startup_ccs.obj (.text)
                  00000ade    00000006     rtsv7M4_T_le_v4SPD16_eabi.lib : copy_decompress_rle.obj (.text:decompress:rle24)
                  00000ae4    00000004                                   : pre_init.obj (.text)

.cinit     0    00000ae8    0000004c     
                  00000ae8    0000003c     (.cinit..data.load) [load image, compression = rle]
                  00000b24    00000008     (__TI_handler_table)
                  00000b2c    00000008     (__TI_cinit_table)

.init_array 
*          0    00000000    00000000     UNINITIALIZED

.data      0    20000000    00000068     UNINITIALIZED
                  20000000    00000052     main.obj (.data)
                  20000052    00000002     --HOLE--
                  20000054    00000008     rtsv7M4_T_le_v4SPD16_eabi.lib : _lock.obj (.data)
                  2000005c    00000008                                   : exit.obj (.data)
                  20000064    00000004                                   : stkdepth_vars.obj (.data)

.TI.persistent 
*          0    20000000    00000000     UNINITIALIZED

.stack     0    2000fe00    00000200     UNINITIALIZED
                  2000fe00    00000200     --HOLE--


LINKER GENERATED COPY TABLES

__TI_cinit_table @ 00000b2c records: 1, size/record: 8, table size: 8
	.data: load addr=00000ae8, load size=0000003c bytes, run addr=20000000, run size=00000068 bytes, compression=rle


LINKER GENERATED HANDLER TABLE

__TI_handler_table @ 00000b24 records: 2, size/record: 4, table size: 8
	index: 0, handler: __TI_decompress_rle24
	index: 1, handler: __TI_decompress_none


GLOBAL SYMBOLS: SORTED ALPHABETICALLY BY Name 

address   name                    
-------   ----                    
00000a55  C$$EXIT                 
UNDEFED   SHT$$INIT_ARRAY$$Base   
UNDEFED   SHT$$INIT_ARRAY$$Limit  
4000480c  WDTCTL_SYM              
20010000  __STACK_END             
00000200  __STACK_SIZE            
00000b2c  __TI_CINIT_Base         
00000b34  __TI_CINIT_Limit        
00000b24  __TI_Handler_Table_Base 
00000b2c  __TI_Handler_Table_Limit
000008e1  __TI_auto_init          
2000005c  __TI_cleanup_ptr        
00000ac5  __TI_decompress_none    
00000adf  __TI_decompress_rle24   
20000060  __TI_dtors_ptr          
00000000  __TI_static_base__      
00000865  __aeabi_memclr          
00000865  __aeabi_memclr4         
00000865  __aeabi_memclr8         
000007c9  __aeabi_memcpy          
000007c9  __aeabi_memcpy4         
000007c9  __aeabi_memcpy8         
00000867  __aeabi_memset          
00000867  __aeabi_memset4         
00000867  __aeabi_memset8         
ffffffff  __binit__               
ffffffff  __c_args__              
2000fe00  __stack                 
00000a99  _args_main              
000009b9  _c_int00                
20000054  _lock                   
00000abf  _nop                    
00000ab7  _register_lock          
00000ab1  _register_unlock        
00000ae5  _system_pre_init        
20000058  _unlock                 
00000a59  abort                   
ffffffff  binit                   
20000028  blueArray               
20000018  blueIntensity           
20000000  color                   
20000040  colors                  
000002ff  configureTimer          
00000a09  copy_in                 
20000008  counter                 
00000a61  exit                    
2000001e  greenArray              
20000016  greenIntensity          
20000036  hour                    
20000014  hoursCounter            
00000269  initializeLED           
000002c3  initializePushButton    
00000000  interruptVectors        
20000050  m                       
00000735  main                    
20000064  main_func_sp            
000007c9  memcpy                  
0000086d  memset                  
2000000c  milliSecondsCounter     
2000004c  minute                  
20000012  minutesCounter          
20000004  mode                    
00000499  portOneInterrupt        
2000001c  radix                   
20000030  redArray                
2000001a  redIntensity            
20000010  secondsCounter          
00000165  selectPortFunction      
0000035b  setClockFrequency       
00000561  timerA0Interrupt        
00000401  updateHour              
0000037d  updateHourLights        
00000423  updateMinute            
00000465  updateSecond            


GLOBAL SYMBOLS: SORTED BY Symbol Address 

address   name                    
-------   ----                    
00000000  __TI_static_base__      
00000000  interruptVectors        
00000165  selectPortFunction      
00000200  __STACK_SIZE            
00000269  initializeLED           
000002c3  initializePushButton    
000002ff  configureTimer          
0000035b  setClockFrequency       
0000037d  updateHourLights        
00000401  updateHour              
00000423  updateMinute            
00000465  updateSecond            
00000499  portOneInterrupt        
00000561  timerA0Interrupt        
00000735  main                    
000007c9  __aeabi_memcpy          
000007c9  __aeabi_memcpy4         
000007c9  __aeabi_memcpy8         
000007c9  memcpy                  
00000865  __aeabi_memclr          
00000865  __aeabi_memclr4         
00000865  __aeabi_memclr8         
00000867  __aeabi_memset          
00000867  __aeabi_memset4         
00000867  __aeabi_memset8         
0000086d  memset                  
000008e1  __TI_auto_init          
000009b9  _c_int00                
00000a09  copy_in                 
00000a55  C$$EXIT                 
00000a59  abort                   
00000a61  exit                    
00000a99  _args_main              
00000ab1  _register_unlock        
00000ab7  _register_lock          
00000abf  _nop                    
00000ac5  __TI_decompress_none    
00000adf  __TI_decompress_rle24   
00000ae5  _system_pre_init        
00000b24  __TI_Handler_Table_Base 
00000b2c  __TI_CINIT_Base         
00000b2c  __TI_Handler_Table_Limit
00000b34  __TI_CINIT_Limit        
20000000  color                   
20000004  mode                    
20000008  counter                 
2000000c  milliSecondsCounter     
20000010  secondsCounter          
20000012  minutesCounter          
20000014  hoursCounter            
20000016  greenIntensity          
20000018  blueIntensity           
2000001a  redIntensity            
2000001c  radix                   
2000001e  greenArray              
20000028  blueArray               
20000030  redArray                
20000036  hour                    
20000040  colors                  
2000004c  minute                  
20000050  m                       
20000054  _lock                   
20000058  _unlock                 
2000005c  __TI_cleanup_ptr        
20000060  __TI_dtors_ptr          
20000064  main_func_sp            
2000fe00  __stack                 
20010000  __STACK_END             
4000480c  WDTCTL_SYM              
ffffffff  __binit__               
ffffffff  __c_args__              
ffffffff  binit                   
UNDEFED   SHT$$INIT_ARRAY$$Base   
UNDEFED   SHT$$INIT_ARRAY$$Limit  

[74 symbols]
