******************************************************************************
                  TI ARM Linker PC v5.2.5                      
******************************************************************************
>> Linked Tue Feb 16 17:32:29 2016

OUTPUT FILE NAME:   <DolanClock.out>
ENTRY POINT SYMBOL: "_c_int00"  address: 00000a75


MEMORY CONFIGURATION

         name            origin    length      used     unused   attr    fill
----------------------  --------  ---------  --------  --------  ----  --------
  MAIN                  00000000   00040000  00000bdc  0003f424  R  X
  INFO                  00200000   00004000  00000000  00004000  R  X
  SRAM_CODE             01000000   00010000  00000000  00010000  RW X
  SRAM_DATA             20000000   00010000  00000248  0000fdb8  RW  


SEGMENT ALLOCATION MAP

run origin  load origin   length   init length attrs members
----------  ----------- ---------- ----------- ----- -------
00000000    00000000    00000be0   00000be0    r-x
  00000000    00000000    00000140   00000140    r-- .intvecs
  00000140    00000140    00000a64   00000a64    r-x .text
  00000ba8    00000ba8    00000038   00000038    r-- .cinit
20000000    20000000    00000048   00000000    rw-
  20000000    20000000    00000048   00000000    rw- .data
2000fe00    2000fe00    00000200   00000000    rw-
  2000fe00    2000fe00    00000200   00000000    rw- .stack


SECTION ALLOCATION MAP

 output                                  attributes/
section   page    origin      length       input sections
--------  ----  ----------  ----------   ----------------
.intvecs   0    00000000    00000140     
                  00000000    00000140     msp432_startup_ccs.obj (.intvecs:retain)

.text      0    00000140    00000a64     
                  00000140    00000744     main.obj (.text)
                  00000884    0000009c     rtsv7M4_T_le_v4SPD16_eabi.lib : memcpy_t2.obj (.text)
                  00000920    0000007a                                   : memset_t2.obj (.text)
                  0000099a    00000002     --HOLE-- [fill = 0]
                  0000099c    0000006c                                   : autoinit.obj (.text)
                  00000a08    0000006a                                   : copy_decompress_rle.obj (.text)
                  00000a72    00000002     --HOLE-- [fill = 0]
                  00000a74    00000050                                   : boot.obj (.text)
                  00000ac4    0000004c                                   : cpy_tbl.obj (.text)
                  00000b10    00000044                                   : exit.obj (.text)
                  00000b54    00000018                                   : args_main.obj (.text)
                  00000b6c    00000014                                   : _lock.obj (.text)
                  00000b80    0000000e                                   : copy_decompress_none.obj (.text:decompress:none)
                  00000b8e    0000000c     msp432_startup_ccs.obj (.text)
                  00000b9a    00000006     rtsv7M4_T_le_v4SPD16_eabi.lib : copy_decompress_rle.obj (.text:decompress:rle24)
                  00000ba0    00000004                                   : pre_init.obj (.text)

.cinit     0    00000ba8    00000038     
                  00000ba8    00000025     (.cinit..data.load) [load image, compression = rle]
                  00000bcd    00000003     --HOLE-- [fill = 0]
                  00000bd0    00000008     (__TI_handler_table)
                  00000bd8    00000008     (__TI_cinit_table)

.init_array 
*          0    00000000    00000000     UNINITIALIZED

.data      0    20000000    00000048     UNINITIALIZED
                  20000000    00000034     main.obj (.data)
                  20000034    00000008     rtsv7M4_T_le_v4SPD16_eabi.lib : _lock.obj (.data)
                  2000003c    00000008                                   : exit.obj (.data)
                  20000044    00000004                                   : stkdepth_vars.obj (.data)

.TI.persistent 
*          0    20000000    00000000     UNINITIALIZED

.stack     0    2000fe00    00000200     UNINITIALIZED
                  2000fe00    00000200     --HOLE--


LINKER GENERATED COPY TABLES

__TI_cinit_table @ 00000bd8 records: 1, size/record: 8, table size: 8
	.data: load addr=00000ba8, load size=00000025 bytes, run addr=20000000, run size=00000048 bytes, compression=rle


LINKER GENERATED HANDLER TABLE

__TI_handler_table @ 00000bd0 records: 2, size/record: 4, table size: 8
	index: 0, handler: __TI_decompress_rle24
	index: 1, handler: __TI_decompress_none


GLOBAL SYMBOLS: SORTED ALPHABETICALLY BY Name 

address   name                    
-------   ----                    
00000b11  C$$EXIT                 
UNDEFED   SHT$$INIT_ARRAY$$Base   
UNDEFED   SHT$$INIT_ARRAY$$Limit  
4000480c  WDTCTL_SYM              
20010000  __STACK_END             
00000200  __STACK_SIZE            
00000bd8  __TI_CINIT_Base         
00000be0  __TI_CINIT_Limit        
00000bd0  __TI_Handler_Table_Base 
00000bd8  __TI_Handler_Table_Limit
0000099d  __TI_auto_init          
2000003c  __TI_cleanup_ptr        
00000b81  __TI_decompress_none    
00000b9b  __TI_decompress_rle24   
20000040  __TI_dtors_ptr          
00000000  __TI_static_base__      
00000921  __aeabi_memclr          
00000921  __aeabi_memclr4         
00000921  __aeabi_memclr8         
00000885  __aeabi_memcpy          
00000885  __aeabi_memcpy4         
00000885  __aeabi_memcpy8         
00000923  __aeabi_memset          
00000923  __aeabi_memset4         
00000923  __aeabi_memset8         
ffffffff  __binit__               
ffffffff  __c_args__              
2000fe00  __stack                 
00000b55  _args_main              
00000a75  _c_int00                
20000034  _lock                   
00000b7b  _nop                    
00000b73  _register_lock          
00000b6d  _register_unlock        
00000ba1  _system_pre_init        
20000038  _unlock                 
00000b15  abort                   
ffffffff  binit                   
20000024  colors                  
000002ff  configureTimer          
00000ac5  copy_in                 
20000004  counter                 
00000b1d  exit                    
2000001a  hour                    
20000014  hoursCounter            
00000269  initializeLED           
000002c3  initializePushButton    
00000000  interruptVectors        
20000018  m                       
000007fd  main                    
20000044  main_func_sp            
00000885  memcpy                  
00000929  memset                  
20000008  milliSecondsCounter     
20000030  minute                  
20000010  minutesCounter          
20000000  mode                    
000004c5  portOneInterrupt        
20000016  radix                   
2000000c  secondsCounter          
00000165  selectPortFunction      
0000035b  setClockFrequency       
000005a5  timerA0Interrupt        
00000401  updateHour              
0000037d  updateHourLights        
00000429  updateMinute            
00000497  updateSecond            


GLOBAL SYMBOLS: SORTED BY Symbol Address 

address   name                    
-------   ----                    
00000000  __TI_static_base__      
00000000  interruptVectors        
00000165  selectPortFunction      
00000200  __STACK_SIZE            
00000269  initializeLED           
000002c3  initializePushButton    
000002ff  configureTimer          
0000035b  setClockFrequency       
0000037d  updateHourLights        
00000401  updateHour              
00000429  updateMinute            
00000497  updateSecond            
000004c5  portOneInterrupt        
000005a5  timerA0Interrupt        
000007fd  main                    
00000885  __aeabi_memcpy          
00000885  __aeabi_memcpy4         
00000885  __aeabi_memcpy8         
00000885  memcpy                  
00000921  __aeabi_memclr          
00000921  __aeabi_memclr4         
00000921  __aeabi_memclr8         
00000923  __aeabi_memset          
00000923  __aeabi_memset4         
00000923  __aeabi_memset8         
00000929  memset                  
0000099d  __TI_auto_init          
00000a75  _c_int00                
00000ac5  copy_in                 
00000b11  C$$EXIT                 
00000b15  abort                   
00000b1d  exit                    
00000b55  _args_main              
00000b6d  _register_unlock        
00000b73  _register_lock          
00000b7b  _nop                    
00000b81  __TI_decompress_none    
00000b9b  __TI_decompress_rle24   
00000ba1  _system_pre_init        
00000bd0  __TI_Handler_Table_Base 
00000bd8  __TI_CINIT_Base         
00000bd8  __TI_Handler_Table_Limit
00000be0  __TI_CINIT_Limit        
20000000  mode                    
20000004  counter                 
20000008  milliSecondsCounter     
2000000c  secondsCounter          
20000010  minutesCounter          
20000014  hoursCounter            
20000016  radix                   
20000018  m                       
2000001a  hour                    
20000024  colors                  
20000030  minute                  
20000034  _lock                   
20000038  _unlock                 
2000003c  __TI_cleanup_ptr        
20000040  __TI_dtors_ptr          
20000044  main_func_sp            
2000fe00  __stack                 
20010000  __STACK_END             
4000480c  WDTCTL_SYM              
ffffffff  __binit__               
ffffffff  __c_args__              
ffffffff  binit                   
UNDEFED   SHT$$INIT_ARRAY$$Base   
UNDEFED   SHT$$INIT_ARRAY$$Limit  

[67 symbols]
